../Core/Src/main.c:83:6:send_uart	24	static
../Core/Src/main.c:90:5:bufSize	24	static
../Core/Src/main.c:98:6:bufClear	16	static
../Core/Src/main.c:111:5:main	120	static
../Core/Src/main.c:208:6:SystemClock_Config	96	static
../Core/Src/main.c:258:13:MX_I2C1_Init	8	static
../Core/Src/main.c:306:13:MX_SPI1_Init	8	static
../Core/Src/main.c:346:13:MX_USART2_UART_Init	8	static
../Core/Src/main.c:381:13:MX_GPIO_Init	40	static
../Core/Src/main.c:420:6:Error_Handler	4	static,ignoring_inline_asm
