../Core/Src/main.c:93:6:send_uart	24	static
../Core/Src/main.c:100:5:bufSize	24	static
../Core/Src/main.c:108:6:bufClear	16	static
../Core/Src/main.c:121:5:main	464	static
../Core/Src/main.c:264:6:SystemClock_Config	96	static
../Core/Src/main.c:323:13:MX_I2C1_Init	8	static
../Core/Src/main.c:368:13:MX_SPI1_Init	8	static
../Core/Src/main.c:406:13:MX_TIM16_Init	8	static
../Core/Src/main.c:436:13:MX_USART2_UART_Init	8	static
../Core/Src/main.c:469:13:MX_GPIO_Init	40	static
../Core/Src/main.c:500:6:HAL_TIM_PeriodElapsedCallback	16	static
../Core/Src/main.c:513:6:Error_Handler	4	static,ignoring_inline_asm
