Archive member included to satisfy reference by file (symbol)

app/libapp.a(main.c.obj)      (--whole-archive)
app/libapp.a(flash_map_extended.c.obj)
                              (--whole-archive)
app/libapp.a(os.c.obj)        (--whole-archive)
app/libapp.a(keys.c.obj)      (--whole-archive)
app/libapp.a(image_validate.c.obj)
                              (--whole-archive)
app/libapp.a(tlv.c.obj)       (--whole-archive)
app/libapp.a(encrypted.c.obj)
                              (--whole-archive)
app/libapp.a(image_rsa.c.obj)
                              (--whole-archive)
app/libapp.a(image_ec256.c.obj)
                              (--whole-archive)
app/libapp.a(image_ed25519.c.obj)
                              (--whole-archive)
app/libapp.a(bootutil_misc.c.obj)
                              (--whole-archive)
app/libapp.a(fault_injection_hardening.c.obj)
                              (--whole-archive)
app/libapp.a(loader.c.obj)    (--whole-archive)
app/libapp.a(swap_misc.c.obj)
                              (--whole-archive)
app/libapp.a(swap_scratch.c.obj)
                              (--whole-archive)
app/libapp.a(swap_move.c.obj)
                              (--whole-archive)
app/libapp.a(caps.c.obj)      (--whole-archive)
app/libapp.a(asn1parse.c.obj)
                              (--whole-archive)
app/libapp.a(platform_util.c.obj)
                              (--whole-archive)
app/libapp.a(cc310_glue.c.obj)
                              (--whole-archive)
app/libapp.a(autogen-pubkey.c.obj)
                              (--whole-archive)
app/libapp.a(arm_cleanup.c.obj)
                              (--whole-archive)
app/libapp.a(nrf_cleanup.c.obj)
                              (--whole-archive)
zephyr/libzephyr.a(cbprintf.c.obj)
                              (--whole-archive)
zephyr/libzephyr.a(cbprintf_packaged.c.obj)
                              (--whole-archive)
zephyr/libzephyr.a(crc32c_sw.c.obj)
                              (--whole-archive)
zephyr/libzephyr.a(crc32_sw.c.obj)
                              (--whole-archive)
zephyr/libzephyr.a(crc16_sw.c.obj)
                              (--whole-archive)
zephyr/libzephyr.a(crc8_sw.c.obj)
                              (--whole-archive)
zephyr/libzephyr.a(crc7_sw.c.obj)
                              (--whole-archive)
zephyr/libzephyr.a(dec.c.obj)
                              (--whole-archive)
zephyr/libzephyr.a(fdtable.c.obj)
                              (--whole-archive)
zephyr/libzephyr.a(hex.c.obj)
                              (--whole-archive)
zephyr/libzephyr.a(notify.c.obj)
                              (--whole-archive)
zephyr/libzephyr.a(printk.c.obj)
                              (--whole-archive)
zephyr/libzephyr.a(onoff.c.obj)
                              (--whole-archive)
zephyr/libzephyr.a(rb.c.obj)  (--whole-archive)
zephyr/libzephyr.a(sem.c.obj)
                              (--whole-archive)
zephyr/libzephyr.a(thread_entry.c.obj)
                              (--whole-archive)
zephyr/libzephyr.a(timeutil.c.obj)
                              (--whole-archive)
zephyr/libzephyr.a(heap.c.obj)
                              (--whole-archive)
zephyr/libzephyr.a(heap-validate.c.obj)
                              (--whole-archive)
zephyr/libzephyr.a(bitarray.c.obj)
                              (--whole-archive)
zephyr/libzephyr.a(multi_heap.c.obj)
                              (--whole-archive)
zephyr/libzephyr.a(cbprintf_nano.c.obj)
                              (--whole-archive)
zephyr/libzephyr.a(assert.c.obj)
                              (--whole-archive)
zephyr/libzephyr.a(mpsc_pbuf.c.obj)
                              (--whole-archive)
zephyr/libzephyr.a(reboot.c.obj)
                              (--whole-archive)
zephyr/libzephyr.a(configs.c.obj)
                              (--whole-archive)
zephyr/libzephyr.a(soc.c.obj)
                              (--whole-archive)
zephyr/libzephyr.a(soc_nrf_common.S.obj)
                              (--whole-archive)
zephyr/libzephyr.a(validate_base_addresses.c.obj)
                              (--whole-archive)
zephyr/libzephyr.a(validate_enabled_instances.c.obj)
                              (--whole-archive)
zephyr/libzephyr.a(log_minimal.c.obj)
                              (--whole-archive)
zephyr/libzephyr.a(flash_map.c.obj)
                              (--whole-archive)
zephyr/libzephyr.a(flash_map_layout.c.obj)
                              (--whole-archive)
zephyr/libzephyr.a(tracing_none.c.obj)
                              (--whole-archive)
zephyr/libzephyr.a(flash_map_partition_manager.c.obj)
                              (--whole-archive)
zephyr/libzephyr.a(nrf_cc3xx_platform_abort_zephyr.c.obj)
                              (--whole-archive)
zephyr/libzephyr.a(nrf_cc3xx_platform_no_mutex_zephyr.c.obj)
                              (--whole-archive)
[...]
Memory Configuration

Name             Origin             Length             Attributes
FLASH            0x0000000000000000 0x000000000000c000 xr
SRAM             0x00000000200144e8 0x000000000002bb18 xw
IDT_LIST         0x00000000fffff7ff 0x0000000000000800 xw
*default*        0x0000000000000000 0xffffffffffffffff

Linker script and memory map

LOAD zephyr/CMakeFiles/zephyr_pre0.dir/misc/empty_file.c.obj
                0x0000000000000004                _region_min_align = 0x4

.rel.plt        0x0000000000000000        0x0
 *(SORT_BY_ALIGNMENT(.rel.plt))
                [!provide]                        PROVIDE (__rel_iplt_start = .)
 *(SORT_BY_ALIGNMENT(.rel.iplt))
 .rel.iplt      0x0000000000000000        0x0 app/libapp.a(main.c.obj)
                [!provide]                        PROVIDE (__rel_iplt_end = .)

.rela.plt       0x0000000000000000        0x0
 *(SORT_BY_ALIGNMENT(.rela.plt))
                [!provide]                        PROVIDE (__rela_iplt_start = .)
 *(SORT_BY_ALIGNMENT(.rela.iplt))
                [!provide]                        PROVIDE (__rela_iplt_end = .)

.rel.dyn
 *(SORT_BY_ALIGNMENT(.rel.*))

.rela.dyn
 *(SORT_BY_ALIGNMENT(.rela.*))

/DISCARD/
 *(SORT_BY_ALIGNMENT(.plt))
 *(SORT_BY_ALIGNMENT(.iplt))
 *(SORT_BY_ALIGNMENT(.got.plt))
 *(SORT_BY_ALIGNMENT(.igot.plt))
 *(SORT_BY_ALIGNMENT(.got))
 *(SORT_BY_ALIGNMENT(.igot))
 *(SORT_BY_ALIGNMENT(.note.GNU-stack))
                0x0000000000000000                __rom_region_start = 0x0

rom_start       0x0000000000000000      0x144
                0x0000000000000000                . = 0x0
                0x0000000000000000                . = ALIGN (0x4)
                0x0000000000000000                . = ALIGN (0x80)
                0x0000000000000000                . = ALIGN (0x200)
                0x0000000000000000                _vector_start = .
 *(SORT_BY_ALIGNMENT(.exc_vector_table))
 *(SORT_BY_ALIGNMENT(.exc_vector_table.*))
 .exc_vector_table._vector_table_section
                0x0000000000000000       0x40 zephyr/arch/arch/arm/core/aarch32/cortex_m/libarch__arm__core__aarch32__cortex_m.a(vector_table.S.obj)
                0x0000000000000000                _vector_table
 *(SORT_BY_ALIGNMENT(.gnu.linkonce.irq_vector_table*))
 .gnu.linkonce.irq_vector_table
                0x0000000000000040      0x104 zephyr/arch/common/libisr_tables.a(isr_tables.c.obj)
                0x0000000000000040                _irq_vector_table
 *(SORT_BY_ALIGNMENT(.vectors))
                0x0000000000000144                _vector_end = .

text            0x0000000000000144     0x6880
                0x0000000000000144                __text_region_start = .
 *(SORT_BY_ALIGNMENT(.text))
 .text          0x0000000000000144       0x30 c:/ncs/toolchains/v2.0.0/opt/zephyr-sdk/arm-zephyr-eabi/bin/../lib/gcc/arm-zephyr-eabi/10.3.0/thumb/v8-m.main+fp/hard\libgcc.a(_aeabi_uldivmod.o)
                0x0000000000000144                __aeabi_uldivmod
 .text          0x0000000000000174        0x4 c:/ncs/toolchains/v2.0.0/opt/zephyr-sdk/arm-zephyr-eabi/bin/../lib/gcc/arm-zephyr-eabi/10.3.0/thumb/v8-m.main+fp/hard\libgcc.a(_dvmd_tls.o)
                0x0000000000000174                __aeabi_idiv0
                0x0000000000000174                __aeabi_ldiv0
 .text          0x0000000000000178      0x2a8 c:/ncs/toolchains/v2.0.0/opt/zephyr-sdk/arm-zephyr-eabi/bin/../lib/gcc/arm-zephyr-eabi/10.3.0/thumb/v8-m.main+fp/hard\libgcc.a(_udivmoddi4.o)
                0x0000000000000178                __udivmoddi4
 *(SORT_BY_ALIGNMENT(.text.*))
 .text.main     0x0000000000000420      0x100 app/libapp.a(main.c.obj)
                0x0000000000000420                main
 .text.flash_device_get_binding
                0x0000000000000520       0x18 app/libapp.a(flash_map_extended.c.obj)
                0x0000000000000520                flash_device_get_binding
 .text.flash_device_base
                0x0000000000000538       0x20 app/libapp.a(flash_map_extended.c.obj)
                0x0000000000000538                flash_device_base
 .text.bootutil_img_validate
                0x0000000000000558      0x228 app/libapp.a(image_validate.c.obj)
                0x0000000000000558                bootutil_img_validate
 .text.bootutil_verify_sig
                0x0000000000000780       0xf0 app/libapp.a(image_ec256.c.obj)
                0x0000000000000780                bootutil_verify_sig
 .text.boot_read_swap_size
                0x0000000000000870       0x7c app/libapp.a(bootutil_misc.c.obj)
                0x0000000000000870                boot_read_swap_size
 .text.boot_validate_slot.isra.0
                0x00000000000008ec      0x104 app/libapp.a(loader.c.obj)
 .text.boot_swap_image
                0x00000000000009f0       0x7c app/libapp.a(loader.c.obj)
 .text.boot_copy_region
                0x0000000000000a6c       0x84 app/libapp.a(loader.c.obj)
                0x0000000000000a6c                boot_copy_region
 .text.context_boot_go
                0x0000000000000af0      0x260 app/libapp.a(loader.c.obj)
                0x0000000000000af0                context_boot_go
 .text.boot_go  0x0000000000000d50       0x20 app/libapp.a(loader.c.obj)
                0x0000000000000d50                boot_go
 .text.boot_read_image_header
                0x0000000000000d70       0x9c app/libapp.a(swap_move.c.obj)
                0x0000000000000d70                boot_read_image_header
 .text.swap_read_status_bytes
                0x0000000000000e0c       0xc8 app/libapp.a(swap_move.c.obj)
                0x0000000000000e0c                swap_read_status_bytes
 .text.boot_slots_compatible
                0x0000000000000ed4       0x6c app/libapp.a(swap_move.c.obj)
                0x0000000000000ed4                boot_slots_compatible
 .text.swap_status_source
                0x0000000000000f40       0xcc app/libapp.a(swap_move.c.obj)
                0x0000000000000f40                swap_status_source
 .text.fixup_revert
                0x000000000000100c       0x98 app/libapp.a(swap_move.c.obj)
                0x000000000000100c                fixup_revert
 .text.swap_run
                0x00000000000010a4      0x238 app/libapp.a(swap_move.c.obj)
                0x00000000000010a4                swap_run
 .text.cc310_init
                0x00000000000012dc       0x30 app/libapp.a(cc310_glue.c.obj)
                0x00000000000012dc                cc310_init
 .text.cc310_ecdsa_verify_secp256r1
                0x000000000000130c       0x34 app/libapp.a(cc310_glue.c.obj)
                0x000000000000130c                cc310_ecdsa_verify_secp256r1
 .text.cleanup_arm_nvic
                0x0000000000001340       0x38 app/libapp.a(arm_cleanup.c.obj)
                0x0000000000001340                cleanup_arm_nvic
 .text.nrf_cleanup_peripheral
                0x0000000000001378       0x8c app/libapp.a(nrf_cleanup.c.obj)
                0x0000000000001378                nrf_cleanup_peripheral
 .text.char_out
                0x0000000000001404       0x10 zephyr/libzephyr.a(printk.c.obj)
 .text.__printk_hook_install
                0x0000000000001414        0xc zephyr/libzephyr.a(printk.c.obj)
                0x0000000000001414                __printk_hook_install
 .text.vprintk  0x0000000000001420       0x1c zephyr/libzephyr.a(printk.c.obj)
                0x0000000000001420                vprintk
 .text.process_event
                0x000000000000143c      0x1c8 zephyr/libzephyr.a(onoff.c.obj)
 .text.cbvprintf
                0x0000000000001604      0x45c zephyr/libzephyr.a(cbprintf_nano.c.obj)
                0x0000000000001604                cbvprintf
 .text.sys_reboot
                0x0000000000001a60       0x28 zephyr/libzephyr.a(reboot.c.obj)
                0x0000000000001a60                sys_reboot
 .text.nordicsemi_nrf91_init
                0x0000000000001a88       0x28 zephyr/libzephyr.a(soc.c.obj)
 .text.arch_busy_wait
                0x0000000000001ab0       0x14 zephyr/libzephyr.a(soc.c.obj)
                0x0000000000001ab0                arch_busy_wait
 .text.flash_area_open
                0x0000000000001ac4       0x3c zephyr/libzephyr.a(flash_map.c.obj)
                0x0000000000001ac4                flash_area_open
 .text.flash_area_get_sectors
                0x0000000000001b00       0x68 zephyr/libzephyr.a(flash_map_layout.c.obj)
                0x0000000000001b00                flash_area_get_sectors
 .text.nrf_cc3xx_platform_abort_init
                0x0000000000001b68        0xc zephyr/libzephyr.a(nrf_cc3xx_platform_abort_zephyr.c.obj)
                0x0000000000001b68                nrf_cc3xx_platform_abort_init
 .text.z_arm_cpu_idle_init
                0x0000000000001b74        0xc zephyr/arch/arch/arm/core/aarch32/libarch__arm__core__aarch32.a(cpu_idle.S.obj)
                0x0000000000001b74                z_arm_cpu_idle_init
 .text.arch_cpu_idle
                0x0000000000001b80       0x1c zephyr/arch/arch/arm/core/aarch32/libarch__arm__core__aarch32.a(cpu_idle.S.obj)
                0x0000000000001b80                arch_cpu_idle
 .text.arch_cpu_atomic_idle
                0x0000000000001b9c       0x14 zephyr/arch/arch/arm/core/aarch32/libarch__arm__core__aarch32.a(cpu_idle.S.obj)
                0x0000000000001b9c                arch_cpu_atomic_idle
 .text.z_arm_fatal_error
                0x0000000000001bb0       0x5c zephyr/arch/arch/arm/core/aarch32/libarch__arm__core__aarch32.a(fatal.c.obj)
                0x0000000000001bb0                z_arm_fatal_error
 .text.arch_irq_enable
                0x0000000000001c0c       0x20 zephyr/arch/arch/arm/core/aarch32/libarch__arm__core__aarch32.a(irq_manage.c.obj)
                0x0000000000001c0c                arch_irq_enable
 .text.arch_irq_is_enabled
                0x0000000000001c2c       0x1c zephyr/arch/arch/arm/core/aarch32/libarch__arm__core__aarch32.a(irq_manage.c.obj)
                0x0000000000001c2c                arch_irq_is_enabled
 .text.z_arm_irq_priority_set
                0x0000000000001c48       0x2c zephyr/arch/arch/arm/core/aarch32/libarch__arm__core__aarch32.a(irq_manage.c.obj)
                0x0000000000001c48                z_arm_irq_priority_set
 .text.z_SysNmiOnReset
                0x0000000000001c74        0x8 zephyr/arch/arch/arm/core/aarch32/libarch__arm__core__aarch32.a(nmi_on_reset.S.obj)
                0x0000000000001c74                z_SysNmiOnReset
 .text.z_arm_prep_c
                0x0000000000001c7c       0x5c zephyr/arch/arch/arm/core/aarch32/libarch__arm__core__aarch32.a(prep_c.c.obj)
                0x0000000000001c7c                z_arm_prep_c
 .text.z_arm_svc
                0x0000000000001cd8       0x20 zephyr/arch/arch/arm/core/aarch32/libarch__arm__core__aarch32.a(swap_helper.S.obj)
                0x0000000000001cd8                z_arm_svc
 .text.z_arm_switch_to_main_no_multithreading
                0x0000000000001cf8       0x40 zephyr/arch/arch/arm/core/aarch32/libarch__arm__core__aarch32.a(thread.c.obj)
                0x0000000000001cf8                z_arm_switch_to_main_no_multithreading
 .text._isr_wrapper
                0x0000000000001d38       0x28 zephyr/arch/arch/arm/core/aarch32/libarch__arm__core__aarch32.a(isr_wrapper.S.obj)
                0x0000000000001d38                _isr_wrapper
 .text._HandlerModeExit
                0x0000000000001d60        0x4 zephyr/arch/arch/arm/core/aarch32/cortex_m/libarch__arm__core__aarch32__cortex_m.a(exc_exit.S.obj)
                0x0000000000001d60                z_arm_int_exit
                0x0000000000001d60                z_arm_exc_exit
 .text.usage_fault.constprop.0
                0x0000000000001d64       0xac zephyr/arch/arch/arm/core/aarch32/cortex_m/libarch__arm__core__aarch32__cortex_m.a(fault.c.obj)
 .text.bus_fault.constprop.0
                0x0000000000001e10       0xb4 zephyr/arch/arch/arm/core/aarch32/cortex_m/libarch__arm__core__aarch32__cortex_m.a(fault.c.obj)
 .text.mem_manage_fault.constprop.0
                0x0000000000001ec4       0xbc zephyr/arch/arch/arm/core/aarch32/cortex_m/libarch__arm__core__aarch32__cortex_m.a(fault.c.obj)
 .text.z_arm_fault
                0x0000000000001f80      0x184 zephyr/arch/arch/arm/core/aarch32/cortex_m/libarch__arm__core__aarch32__cortex_m.a(fault.c.obj)
                0x0000000000001f80                z_arm_fault
 .text.z_arm_fault_init
                0x0000000000002104       0x18 zephyr/arch/arch/arm/core/aarch32/cortex_m/libarch__arm__core__aarch32__cortex_m.a(fault.c.obj)
                0x0000000000002104                z_arm_fault_init
 .text.__fault  0x000000000000211c       0x14 zephyr/arch/arch/arm/core/aarch32/cortex_m/libarch__arm__core__aarch32__cortex_m.a(fault_s.S.obj)
                0x000000000000211c                z_arm_usage_fault
                0x000000000000211c                z_arm_mpu_fault
                0x000000000000211c                z_arm_exc_spurious
                0x000000000000211c                z_arm_debug_monitor
                0x000000000000211c                z_arm_hard_fault
                0x000000000000211c                z_arm_bus_fault
 .text.z_arm_interrupt_init
                0x0000000000002130       0x18 zephyr/arch/arch/arm/core/aarch32/cortex_m/libarch__arm__core__aarch32__cortex_m.a(irq_init.c.obj)
                0x0000000000002130                z_arm_interrupt_init
 .text._reset_section
                0x0000000000002148       0x60 zephyr/arch/arch/arm/core/aarch32/cortex_m/libarch__arm__core__aarch32__cortex_m.a(reset.S.obj)
                0x0000000000002148                __start
                0x0000000000002148                z_arm_reset
 .text.sys_arch_reboot
                0x00000000000021a8       0x24 zephyr/arch/arch/arm/core/aarch32/cortex_m/libarch__arm__core__aarch32__cortex_m.a(scb.c.obj)
                0x00000000000021a8                sys_arch_reboot
 .text.z_arm_clear_arm_mpu_config
                0x00000000000021cc       0x24 zephyr/arch/arch/arm/core/aarch32/cortex_m/libarch__arm__core__aarch32__cortex_m.a(scb.c.obj)
                0x00000000000021cc                z_arm_clear_arm_mpu_config
 .text.z_arm_init_arch_hw_at_boot
                0x00000000000021f0       0x48 zephyr/arch/arch/arm/core/aarch32/cortex_m/libarch__arm__core__aarch32__cortex_m.a(scb.c.obj)
                0x00000000000021f0                z_arm_init_arch_hw_at_boot
 .text.__stdout_hook_install
                0x0000000000002238        0xc zephyr/lib/libc/minimal/liblib__libc__minimal.a(stdout_console.c.obj)
                0x0000000000002238                __stdout_hook_install
 .text.onoff_stop
                0x0000000000002244       0x30 zephyr/drivers/clock_control/libdrivers__clock_control.a(clock_control_nrf.c.obj)
 .text.onoff_start
                0x0000000000002274       0x44 zephyr/drivers/clock_control/libdrivers__clock_control.a(clock_control_nrf.c.obj)
 .text.clk_init
                0x00000000000022b8       0x58 zephyr/drivers/clock_control/libdrivers__clock_control.a(clock_control_nrf.c.obj)
 .text.clkstarted_handle.constprop.0
                0x0000000000002310       0x3c zephyr/drivers/clock_control/libdrivers__clock_control.a(clock_control_nrf.c.obj)
 .text.clock_event_handler
                0x000000000000234c       0x1c zephyr/drivers/clock_control/libdrivers__clock_control.a(clock_control_nrf.c.obj)
 .text.generic_hfclk_start
                0x0000000000002368       0x64 zephyr/drivers/clock_control/libdrivers__clock_control.a(clock_control_nrf.c.obj)
 .text.generic_hfclk_stop
                0x00000000000023cc       0x24 zephyr/drivers/clock_control/libdrivers__clock_control.a(clock_control_nrf.c.obj)
 .text.z_nrf_clock_control_lf_on
                0x00000000000023f0       0xf4 zephyr/drivers/clock_control/libdrivers__clock_control.a(clock_control_nrf.c.obj)
                0x00000000000023f0                z_nrf_clock_control_lf_on
 .text.uart_console_init
                0x00000000000024e4       0x30 zephyr/drivers/console/libdrivers__console.a(uart_console.c.obj)
 .text.console_out
                0x0000000000002514       0x28 zephyr/drivers/console/libdrivers__console.a(uart_console.c.obj)
 .text.gpio_nrfx_pin_interrupt_configure
                0x000000000000253c       0xc8 zephyr/drivers/gpio/libdrivers__gpio.a(gpio_nrfx.c.obj)
 .text.gpio_nrfx_init
                0x0000000000002604       0x38 zephyr/drivers/gpio/libdrivers__gpio.a(gpio_nrfx.c.obj)
 .text.nrfx_gpio_handler
                0x000000000000263c       0x34 zephyr/drivers/gpio/libdrivers__gpio.a(gpio_nrfx.c.obj)
 .text.gpio_nrfx_pin_configure
                0x0000000000002670      0x154 zephyr/drivers/gpio/libdrivers__gpio.a(gpio_nrfx.c.obj)
 .text.flash_nrf_pages_layout
                0x00000000000027c4       0x10 zephyr/drivers/flash/libdrivers__flash.a(soc_flash_nrf.c.obj)
 .text.flash_nrf_get_parameters
                0x00000000000027d4        0x8 zephyr/drivers/flash/libdrivers__flash.a(soc_flash_nrf.c.obj)
 .text.nrf_flash_init
                0x00000000000027dc       0x18 zephyr/drivers/flash/libdrivers__flash.a(soc_flash_nrf.c.obj)
 .text.flash_nrf_erase
                0x00000000000027f4       0x6c zephyr/drivers/flash/libdrivers__flash.a(soc_flash_nrf.c.obj)
 .text.flash_nrf_write
                0x0000000000002860       0x70 zephyr/drivers/flash/libdrivers__flash.a(soc_flash_nrf.c.obj)
 .text.flash_nrf_read
                0x00000000000028d0       0x40 zephyr/drivers/flash/libdrivers__flash.a(soc_flash_nrf.c.obj)
 .text.uarte_nrfx_poll_out
                0x0000000000002910       0xb8 zephyr/drivers/serial/libdrivers__serial.a(uart_nrfx_uarte.c.obj)
 .text.uarte_nrfx_configure
                0x00000000000029c8      0x164 zephyr/drivers/serial/libdrivers__serial.a(uart_nrfx_uarte.c.obj)
 .text.uarte_instance_init.constprop.0
                0x0000000000002b2c       0xe8 zephyr/drivers/serial/libdrivers__serial.a(uart_nrfx_uarte.c.obj)
 .text.compare_int_lock
                0x0000000000002c14       0x44 zephyr/drivers/timer/libdrivers__timer.a(nrf_rtc_timer.c.obj)
 .text.sys_clock_timeout_handler
                0x0000000000002c58       0x78 zephyr/drivers/timer/libdrivers__timer.a(nrf_rtc_timer.c.obj)
 .text.compare_int_unlock
                0x0000000000002cd0       0x50 zephyr/drivers/timer/libdrivers__timer.a(nrf_rtc_timer.c.obj)
 .text.z_nrf_rtc_timer_read
                0x0000000000002d20       0x44 zephyr/drivers/timer/libdrivers__timer.a(nrf_rtc_timer.c.obj)
                0x0000000000002d20                z_nrf_rtc_timer_read
 .text.compare_set
                0x0000000000002d64      0x148 zephyr/drivers/timer/libdrivers__timer.a(nrf_rtc_timer.c.obj)
 .text.sys_clock_driver_init
                0x0000000000002eac       0x80 zephyr/drivers/timer/libdrivers__timer.a(nrf_rtc_timer.c.obj)
 .text.rtc_nrf_isr
                0x0000000000002f2c       0xe8 zephyr/drivers/timer/libdrivers__timer.a(nrf_rtc_timer.c.obj)
                0x0000000000002f2c                rtc_nrf_isr
 .text.sys_clock_set_timeout
                0x0000000000003014       0x60 zephyr/drivers/timer/libdrivers__timer.a(nrf_rtc_timer.c.obj)
                0x0000000000003014                sys_clock_set_timeout
 .text.sys_clock_elapsed
                0x0000000000003074       0x14 zephyr/drivers/timer/libdrivers__timer.a(nrf_rtc_timer.c.obj)
                0x0000000000003074                sys_clock_elapsed
 .text.nrf_gpio_pin_write
                0x0000000000003088       0x1c zephyr/drivers/pinctrl/libdrivers__pinctrl.a(pinctrl_nrf.c.obj)
 .text.nrf_pin_configure
                0x00000000000030a4       0x34 zephyr/drivers/pinctrl/libdrivers__pinctrl.a(pinctrl_nrf.c.obj)
 .text.pinctrl_configure_pins
                0x00000000000030d8      0x114 zephyr/drivers/pinctrl/libdrivers__pinctrl.a(pinctrl_nrf.c.obj)
                0x00000000000030d8                pinctrl_configure_pins
 .text.fprotect_area
                0x00000000000031ec       0x3c modules/nrf/lib/fprotect/lib..__nrf__lib__fprotect.a(fprotect_spu.c.obj)
                0x00000000000031ec                fprotect_area
 .text.k_sys_fatal_error_handler
                0x0000000000003228       0x14 modules/nrf/lib/fatal_error/lib..__nrf__lib__fatal_error.a(fatal_error.c.obj)
                0x0000000000003228                k_sys_fatal_error_handler
 .text.boot_write_magic
                0x000000000000323c       0x40 modules/mcuboot/boot/bootutil/zephyr/libmcuboot_util.a(bootutil_public.c.obj)
                0x000000000000323c                boot_write_magic
 .text.boot_read_swap_state
                0x000000000000327c       0xa8 modules/mcuboot/boot/bootutil/zephyr/libmcuboot_util.a(bootutil_public.c.obj)
                0x000000000000327c                boot_read_swap_state
 .text.boot_swap_type_multi
                0x0000000000003324      0x100 modules/mcuboot/boot/bootutil/zephyr/libmcuboot_util.a(bootutil_public.c.obj)
                0x0000000000003324                boot_swap_type_multi
 .text.SystemInit
                0x0000000000003424      0x194 modules/hal_nordic/nrfx/libmodules__hal_nordic__nrfx.a(system_nrf9160.c.obj)
                0x0000000000003424                SystemInit
 .text.nrfx_flag32_alloc
                0x00000000000035b8       0x44 modules/hal_nordic/nrfx/libmodules__hal_nordic__nrfx.a(nrfx_flag32_allocator.c.obj)
                0x00000000000035b8                nrfx_flag32_alloc
 .text.nrfx_flag32_free
                0x00000000000035fc       0x3c modules/hal_nordic/nrfx/libmodules__hal_nordic__nrfx.a(nrfx_flag32_allocator.c.obj)
                0x00000000000035fc                nrfx_flag32_free
 .text.nrfx_clock_init
                0x0000000000003638       0x20 modules/hal_nordic/nrfx/libmodules__hal_nordic__nrfx.a(nrfx_clock.c.obj)
                0x0000000000003638                nrfx_clock_init
 .text.nrfx_power_clock_irq_handler
                0x0000000000003658       0x68 modules/hal_nordic/nrfx/libmodules__hal_nordic__nrfx.a(nrfx_clock.c.obj)
                0x0000000000003658                nrfx_power_clock_irq_handler
 .text.nrfx_dppi_channel_alloc
                0x00000000000036c0        0xc modules/hal_nordic/nrfx/libmodules__hal_nordic__nrfx.a(nrfx_dppi.c.obj)
                0x00000000000036c0                nrfx_dppi_channel_alloc
 .text.nrf_gpio_cfg_sense_set
                0x00000000000036cc       0x20 modules/hal_nordic/nrfx/libmodules__hal_nordic__nrfx.a(nrfx_gpiote.c.obj)
 .text.pin_in_use_by_te
                0x00000000000036ec       0x14 modules/hal_nordic/nrfx/libmodules__hal_nordic__nrfx.a(nrfx_gpiote.c.obj)
 .text.call_handler
                0x0000000000003700       0x3c modules/hal_nordic/nrfx/libmodules__hal_nordic__nrfx.a(nrfx_gpiote.c.obj)
 .text.release_handler
                0x000000000000373c       0x58 modules/hal_nordic/nrfx/libmodules__hal_nordic__nrfx.a(nrfx_gpiote.c.obj)
 .text.pin_handler_trigger_uninit
                0x0000000000003794       0x3c modules/hal_nordic/nrfx/libmodules__hal_nordic__nrfx.a(nrfx_gpiote.c.obj)
 .text.nrfx_gpiote_input_configure
                0x00000000000037d0      0x154 modules/hal_nordic/nrfx/libmodules__hal_nordic__nrfx.a(nrfx_gpiote.c.obj)
                0x00000000000037d0                nrfx_gpiote_input_configure
 .text.nrfx_gpiote_output_configure
                0x0000000000003924       0xf4 modules/hal_nordic/nrfx/libmodules__hal_nordic__nrfx.a(nrfx_gpiote.c.obj)
                0x0000000000003924                nrfx_gpiote_output_configure
 .text.nrfx_gpiote_global_callback_set
                0x0000000000003a18        0xc modules/hal_nordic/nrfx/libmodules__hal_nordic__nrfx.a(nrfx_gpiote.c.obj)
                0x0000000000003a18                nrfx_gpiote_global_callback_set
 .text.nrfx_gpiote_channel_get
                0x0000000000003a24       0x2c modules/hal_nordic/nrfx/libmodules__hal_nordic__nrfx.a(nrfx_gpiote.c.obj)
                0x0000000000003a24                nrfx_gpiote_channel_get
 .text.nrfx_gpiote_init
                0x0000000000003a50       0x50 modules/hal_nordic/nrfx/libmodules__hal_nordic__nrfx.a(nrfx_gpiote.c.obj)
                0x0000000000003a50                nrfx_gpiote_init
 .text.nrfx_gpiote_is_init
                0x0000000000003aa0       0x14 modules/hal_nordic/nrfx/libmodules__hal_nordic__nrfx.a(nrfx_gpiote.c.obj)
                0x0000000000003aa0                nrfx_gpiote_is_init
 .text.nrfx_gpiote_channel_free
                0x0000000000003ab4        0xc modules/hal_nordic/nrfx/libmodules__hal_nordic__nrfx.a(nrfx_gpiote.c.obj)
                0x0000000000003ab4                nrfx_gpiote_channel_free
 .text.nrfx_gpiote_channel_alloc
                0x0000000000003ac0        0xc modules/hal_nordic/nrfx/libmodules__hal_nordic__nrfx.a(nrfx_gpiote.c.obj)
                0x0000000000003ac0                nrfx_gpiote_channel_alloc
 .text.nrfx_gpiote_trigger_enable
                0x0000000000003acc       0x88 modules/hal_nordic/nrfx/libmodules__hal_nordic__nrfx.a(nrfx_gpiote.c.obj)
                0x0000000000003acc                nrfx_gpiote_trigger_enable
 .text.nrfx_gpiote_trigger_disable
                0x0000000000003b54       0x50 modules/hal_nordic/nrfx/libmodules__hal_nordic__nrfx.a(nrfx_gpiote.c.obj)
                0x0000000000003b54                nrfx_gpiote_trigger_disable
 .text.nrfx_gpiote_pin_uninit
                0x0000000000003ba4       0x44 modules/hal_nordic/nrfx/libmodules__hal_nordic__nrfx.a(nrfx_gpiote.c.obj)
                0x0000000000003ba4                nrfx_gpiote_pin_uninit
 .text.nrfx_gpiote_irq_handler
                0x0000000000003be8      0x154 modules/hal_nordic/nrfx/libmodules__hal_nordic__nrfx.a(nrfx_gpiote.c.obj)
                0x0000000000003be8                nrfx_gpiote_irq_handler
 .text.nvmc_readonly_mode_set
                0x0000000000003d3c       0x14 modules/hal_nordic/nrfx/libmodules__hal_nordic__nrfx.a(nrfx_nvmc.c.obj)
 .text.nvmc_word_write
                0x0000000000003d50       0x18 modules/hal_nordic/nrfx/libmodules__hal_nordic__nrfx.a(nrfx_nvmc.c.obj)
 .text.nrfx_nvmc_page_erase
                0x0000000000003d68       0x3c modules/hal_nordic/nrfx/libmodules__hal_nordic__nrfx.a(nrfx_nvmc.c.obj)
                0x0000000000003d68                nrfx_nvmc_page_erase
 .text.nrfx_nvmc_word_write
                0x0000000000003da4       0x20 modules/hal_nordic/nrfx/libmodules__hal_nordic__nrfx.a(nrfx_nvmc.c.obj)
                0x0000000000003da4                nrfx_nvmc_word_write
 .text.z_sys_init_run_level
                0x0000000000003dc4       0x40 zephyr/kernel/libkernel.a(device.c.obj)
                0x0000000000003dc4                z_sys_init_run_level
 .text.z_impl_device_get_binding
                0x0000000000003e04       0x54 zephyr/kernel/libkernel.a(device.c.obj)
                0x0000000000003e04                z_impl_device_get_binding
 .text.z_fatal_error
                0x0000000000003e58       0x7c zephyr/kernel/libkernel.a(fatal.c.obj)
                0x0000000000003e58                z_fatal_error
 .text.bg_thread_main
                0x0000000000003ed4       0x30 zephyr/kernel/libkernel.a(init.c.obj)
 .text.z_bss_zero
                0x0000000000003f04       0x18 zephyr/kernel/libkernel.a(init.c.obj)
                0x0000000000003f04                z_bss_zero
 .text.z_cstart
                0x0000000000003f1c       0x6c zephyr/kernel/libkernel.a(init.c.obj)
                0x0000000000003f1c                z_cstart
 .text.z_data_copy
                0x0000000000003f88       0x34 zephyr/kernel/libkernel.a(xip.c.obj)
                0x0000000000003f88                z_data_copy
 .text.elapsed  0x0000000000003fbc       0x14 zephyr/kernel/libkernel.a(timeout.c.obj)
 .text.next_timeout
                0x0000000000003fd0       0x3c zephyr/kernel/libkernel.a(timeout.c.obj)
 .text.remove_timeout
                0x000000000000400c       0x34 zephyr/kernel/libkernel.a(timeout.c.obj)
 .text.sys_clock_announce
                0x0000000000004040       0xb0 zephyr/kernel/libkernel.a(timeout.c.obj)
                0x0000000000004040                sys_clock_announce
 .text.boot_banner
                0x00000000000040f0       0x18 zephyr/kernel/libkernel.a(banner.c.obj)
                0x00000000000040f0                boot_banner
 .text.nrf_cc3xx_platform_init_no_rng
                0x0000000000004108       0x38 C:/ncs/v2.0.0/nrfxlib/crypto/nrf_cc310_platform/lib/cortex-m33/hard-float/no-interrupts/libnrf_cc310_platform_0.9.14.a(nrf_cc3xx_platform.c.obj)
                0x0000000000004108                nrf_cc3xx_platform_init_no_rng
 .text.nrf_cc3xx_platform_abort
                0x0000000000004140       0x24 C:/ncs/v2.0.0/nrfxlib/crypto/nrf_cc310_platform/lib/cortex-m33/hard-float/no-interrupts/libnrf_cc310_platform_0.9.14.a(nrf_cc3xx_platform_abort.c.obj)
 .text.CC_PalAbort
                0x0000000000004164       0x34 C:/ncs/v2.0.0/nrfxlib/crypto/nrf_cc310_platform/lib/cortex-m33/hard-float/no-interrupts/libnrf_cc310_platform_0.9.14.a(nrf_cc3xx_platform_abort.c.obj)
                0x0000000000004164                CC_PalAbort
 .text.nrf_cc3xx_platform_set_abort
                0x0000000000004198       0x10 C:/ncs/v2.0.0/nrfxlib/crypto/nrf_cc310_platform/lib/cortex-m33/hard-float/no-interrupts/libnrf_cc310_platform_0.9.14.a(nrf_cc3xx_platform_abort.c.obj)
                0x0000000000004198                nrf_cc3xx_platform_set_abort
 .text.mbedtls_platform_zeroize
                0x00000000000041a8       0x14 C:/ncs/v2.0.0/nrfxlib/crypto/nrf_cc310_platform/lib/cortex-m33/hard-float/no-interrupts/libnrf_cc310_platform_0.9.14.a(mbedtls_common.c.obj)
                0x00000000000041a8                mbedtls_platform_zeroize
 .text.CC_LibInitNoRng
                0x00000000000041bc       0x64 C:/ncs/v2.0.0/nrfxlib/crypto/nrf_cc310_platform/lib/cortex-m33/hard-float/no-interrupts/libnrf_cc310_platform_0.9.14.a(cc_lib.c.obj)
                0x00000000000041bc                CC_LibInitNoRng
 .text.CC_HalInit
                0x0000000000004220        0x4 C:/ncs/v2.0.0/nrfxlib/crypto/nrf_cc310_platform/lib/cortex-m33/hard-float/no-interrupts/libnrf_cc310_platform_0.9.14.a(cc_hal.c.obj)
                0x0000000000004220                CC_HalInit
 .text.CC_HalTerminate
                0x0000000000004224        0x4 C:/ncs/v2.0.0/nrfxlib/crypto/nrf_cc310_platform/lib/cortex-m33/hard-float/no-interrupts/libnrf_cc310_platform_0.9.14.a(cc_hal.c.obj)
                0x0000000000004224                CC_HalTerminate
 .text.CC_HalMaskInterrupt
                0x0000000000004228        0xc C:/ncs/v2.0.0/nrfxlib/crypto/nrf_cc310_platform/lib/cortex-m33/hard-float/no-interrupts/libnrf_cc310_platform_0.9.14.a(cc_hal.c.obj)
                0x0000000000004228                CC_HalMaskInterrupt
 .text.CC_PalInit
                0x0000000000004234       0x5c C:/ncs/v2.0.0/nrfxlib/crypto/nrf_cc310_platform/lib/cortex-m33/hard-float/no-interrupts/libnrf_cc310_platform_0.9.14.a(cc_pal.c.obj)
                0x0000000000004234                CC_PalInit
 .text.CC_PalTerminate
                0x0000000000004290       0x34 C:/ncs/v2.0.0/nrfxlib/crypto/nrf_cc310_platform/lib/cortex-m33/hard-float/no-interrupts/libnrf_cc310_platform_0.9.14.a(cc_pal.c.obj)
                0x0000000000004290                CC_PalTerminate
 .text.CC_PalDmaInit
                0x00000000000042c4        0x4 C:/ncs/v2.0.0/nrfxlib/crypto/nrf_cc310_platform/lib/cortex-m33/hard-float/no-interrupts/libnrf_cc310_platform_0.9.14.a(cc_pal_dma.c.obj)
                0x00000000000042c4                CC_PalDmaInit
 .text.CC_PalDmaTerminate
                0x00000000000042c8        0x4 C:/ncs/v2.0.0/nrfxlib/crypto/nrf_cc310_platform/lib/cortex-m33/hard-float/no-interrupts/libnrf_cc310_platform_0.9.14.a(cc_pal_dma.c.obj)
                0x00000000000042c8                CC_PalDmaTerminate
 .text.CC_PalMutexCreate
                0x00000000000042cc       0x14 C:/ncs/v2.0.0/nrfxlib/crypto/nrf_cc310_platform/lib/cortex-m33/hard-float/no-interrupts/libnrf_cc310_platform_0.9.14.a(cc_pal_mutex.c.obj)
                0x00000000000042cc                CC_PalMutexCreate
 .text.CC_PalMutexDestroy
                0x00000000000042e0       0x14 C:/ncs/v2.0.0/nrfxlib/crypto/nrf_cc310_platform/lib/cortex-m33/hard-float/no-interrupts/libnrf_cc310_platform_0.9.14.a(cc_pal_mutex.c.obj)
                0x00000000000042e0                CC_PalMutexDestroy
 .text.CC_PalPowerSaveModeInit
                0x00000000000042f4       0x3c C:/ncs/v2.0.0/nrfxlib/crypto/nrf_cc310_platform/lib/cortex-m33/hard-float/no-interrupts/libnrf_cc310_platform_0.9.14.a(cc_pal_pm.c.obj)
                0x00000000000042f4                CC_PalPowerSaveModeInit
 .text.CC_PalPowerSaveModeSelect
                0x0000000000004330       0x88 C:/ncs/v2.0.0/nrfxlib/crypto/nrf_cc310_platform/lib/cortex-m33/hard-float/no-interrupts/libnrf_cc310_platform_0.9.14.a(cc_pal_pm.c.obj)
                0x0000000000004330                CC_PalPowerSaveModeSelect
 .text.mutex_free
                0x00000000000043b8       0x28 C:/ncs/v2.0.0/nrfxlib/crypto/nrf_cc310_platform/lib/cortex-m33/hard-float/no-interrupts/libnrf_cc310_platform_0.9.14.a(nrf_cc3xx_platform_mutex.c.obj)
 .text.mutex_lock
                0x00000000000043e0       0x40 C:/ncs/v2.0.0/nrfxlib/crypto/nrf_cc310_platform/lib/cortex-m33/hard-float/no-interrupts/libnrf_cc310_platform_0.9.14.a(nrf_cc3xx_platform_mutex.c.obj)
 .text.mutex_unlock
                0x0000000000004420       0x30 C:/ncs/v2.0.0/nrfxlib/crypto/nrf_cc310_platform/lib/cortex-m33/hard-float/no-interrupts/libnrf_cc310_platform_0.9.14.a(nrf_cc3xx_platform_mutex.c.obj)
 .text.mutex_init
                0x0000000000004450       0x1c C:/ncs/v2.0.0/nrfxlib/crypto/nrf_cc310_platform/lib/cortex-m33/hard-float/no-interrupts/libnrf_cc310_platform_0.9.14.a(nrf_cc3xx_platform_mutex.c.obj)
 .text.verify_context_ecdsa_verify_secp256r1
                0x000000000000446c       0x20 C:/ncs/v2.0.0/nrfxlib/crypto/nrf_cc310_bl/lib/cortex-m33/hard-float/no-interrupts/libnrf_cc310_bl_0.9.12.a(nrf_cc310_bl_ecdsa_verify_secp256r1.c.obj)
 .text.nrf_cc310_bl_ecdsa_verify_init_secp256r1
                0x000000000000448c       0x4c C:/ncs/v2.0.0/nrfxlib/crypto/nrf_cc310_bl/lib/cortex-m33/hard-float/no-interrupts/libnrf_cc310_bl_0.9.12.a(nrf_cc310_bl_ecdsa_verify_secp256r1.c.obj)
                0x000000000000448c                nrf_cc310_bl_ecdsa_verify_init_secp256r1
 .text.nrf_cc310_bl_ecdsa_verify_hash_secp256r1
                0x00000000000044d8      0x168 C:/ncs/v2.0.0/nrfxlib/crypto/nrf_cc310_bl/lib/cortex-m33/hard-float/no-interrupts/libnrf_cc310_bl_0.9.12.a(nrf_cc310_bl_ecdsa_verify_secp256r1.c.obj)
                0x00000000000044d8                nrf_cc310_bl_ecdsa_verify_hash_secp256r1
 .text.set_digest_in_hw_sha256
                0x0000000000004640       0x38 C:/ncs/v2.0.0/nrfxlib/crypto/nrf_cc310_bl/lib/cortex-m33/hard-float/no-interrupts/libnrf_cc310_bl_0.9.12.a(nrf_cc310_bl_hash_sha256.c.obj)
 .text.read_digest_in_hw_sha256
                0x0000000000004678       0x54 C:/ncs/v2.0.0/nrfxlib/crypto/nrf_cc310_bl/lib/cortex-m33/hard-float/no-interrupts/libnrf_cc310_bl_0.9.12.a(nrf_cc310_bl_hash_sha256.c.obj)
 .text.verify_context_hash_sha256
                0x00000000000046cc       0x20 C:/ncs/v2.0.0/nrfxlib/crypto/nrf_cc310_bl/lib/cortex-m33/hard-float/no-interrupts/libnrf_cc310_bl_0.9.12.a(nrf_cc310_bl_hash_sha256.c.obj)
 .text.nrf_cc310_bl_hash_sha256_init
                0x00000000000046ec       0x34 C:/ncs/v2.0.0/nrfxlib/crypto/nrf_cc310_bl/lib/cortex-m33/hard-float/no-interrupts/libnrf_cc310_bl_0.9.12.a(nrf_cc310_bl_hash_sha256.c.obj)
                0x00000000000046ec                nrf_cc310_bl_hash_sha256_init
 .text.nrf_cc310_bl_hash_sha256_update
                0x0000000000004720       0xb0 C:/ncs/v2.0.0/nrfxlib/crypto/nrf_cc310_bl/lib/cortex-m33/hard-float/no-interrupts/libnrf_cc310_bl_0.9.12.a(nrf_cc310_bl_hash_sha256.c.obj)
                0x0000000000004720                nrf_cc310_bl_hash_sha256_update
 .text.nrf_cc310_bl_hash_sha256_finalize
                0x00000000000047d0       0x60 C:/ncs/v2.0.0/nrfxlib/crypto/nrf_cc310_bl/lib/cortex-m33/hard-float/no-interrupts/libnrf_cc310_bl_0.9.12.a(nrf_cc310_bl_hash_sha256.c.obj)
                0x00000000000047d0                nrf_cc310_bl_hash_sha256_finalize
 .text.nrf_cc310_bl_init
                0x0000000000004830       0x34 C:/ncs/v2.0.0/nrfxlib/crypto/nrf_cc310_bl/lib/cortex-m33/hard-float/no-interrupts/libnrf_cc310_bl_0.9.12.a(nrf_cc310_bl_init.c.obj)
                0x0000000000004830                nrf_cc310_bl_init
 .text.PkaSetRegsMapTab
                0x0000000000004864       0x48 C:/ncs/v2.0.0/nrfxlib/crypto/nrf_cc310_bl/lib/cortex-m33/hard-float/no-interrupts/libnrf_cc310_bl_0.9.12.a(pka.c.obj)
                0x0000000000004864                PkaSetRegsMapTab
 .text.PkaGetRegEffectiveSizeInBits
                0x00000000000048ac       0x8c C:/ncs/v2.0.0/nrfxlib/crypto/nrf_cc310_bl/lib/cortex-m33/hard-float/no-interrupts/libnrf_cc310_bl_0.9.12.a(pka.c.obj)
                0x00000000000048ac                PkaGetRegEffectiveSizeInBits
 .text.PkaGetNextMsBit
                0x0000000000004938       0x7c C:/ncs/v2.0.0/nrfxlib/crypto/nrf_cc310_bl/lib/cortex-m33/hard-float/no-interrupts/libnrf_cc310_bl_0.9.12.a(pka.c.obj)
                0x0000000000004938                PkaGetNextMsBit
 .text.PkaSetRegsSizesTab
                0x00000000000049b4       0x3c C:/ncs/v2.0.0/nrfxlib/crypto/nrf_cc310_bl/lib/cortex-m33/hard-float/no-interrupts/libnrf_cc310_bl_0.9.12.a(pka.c.obj)
                0x00000000000049b4                PkaSetRegsSizesTab
 .text.PkaInitPka
                0x00000000000049f0       0x74 C:/ncs/v2.0.0/nrfxlib/crypto/nrf_cc310_bl/lib/cortex-m33/hard-float/no-interrupts/libnrf_cc310_bl_0.9.12.a(pka.c.obj)
                0x00000000000049f0                PkaInitPka
 .text.PkaClearBlockOfRegs
                0x0000000000004a64      0x134 C:/ncs/v2.0.0/nrfxlib/crypto/nrf_cc310_bl/lib/cortex-m33/hard-float/no-interrupts/libnrf_cc310_bl_0.9.12.a(pka.c.obj)
                0x0000000000004a64                PkaClearBlockOfRegs
 .text.PkaFinishAndMutexUnlock
                0x0000000000004b98       0x24 C:/ncs/v2.0.0/nrfxlib/crypto/nrf_cc310_bl/lib/cortex-m33/hard-float/no-interrupts/libnrf_cc310_bl_0.9.12.a(pka.c.obj)
                0x0000000000004b98                PkaFinishAndMutexUnlock
 .text.PkaCopyDataIntoPkaReg
                0x0000000000004bbc       0xb8 C:/ncs/v2.0.0/nrfxlib/crypto/nrf_cc310_bl/lib/cortex-m33/hard-float/no-interrupts/libnrf_cc310_bl_0.9.12.a(pka.c.obj)
                0x0000000000004bbc                PkaCopyDataIntoPkaReg
 .text.PkaEcdsaVerify
                0x0000000000004c74      0x284 C:/ncs/v2.0.0/nrfxlib/crypto/nrf_cc310_bl/lib/cortex-m33/hard-float/no-interrupts/libnrf_cc310_bl_0.9.12.a(pka_ec_wrst_dsa_verify.c.obj)
                0x0000000000004c74                PkaEcdsaVerify
 .text.nrf_cc310_bl_hash_update_internal
                0x0000000000004ef8       0xf0 C:/ncs/v2.0.0/nrfxlib/crypto/nrf_cc310_bl/lib/cortex-m33/hard-float/no-interrupts/libnrf_cc310_bl_0.9.12.a(nrf_cc310_bl_hash.c.obj)
                0x0000000000004ef8                nrf_cc310_bl_hash_update_internal
 .text.PkaDoubleMdf2Mdf
                0x0000000000004fe8      0x1ac C:/ncs/v2.0.0/nrfxlib/crypto/nrf_cc310_bl/lib/cortex-m33/hard-float/no-interrupts/libnrf_cc310_bl_0.9.12.a(pka_ec_wrst.c.obj)
                0x0000000000004fe8                PkaDoubleMdf2Mdf
 .text.PkaDoubleMdf2Jcb
                0x0000000000005194      0x178 C:/ncs/v2.0.0/nrfxlib/crypto/nrf_cc310_bl/lib/cortex-m33/hard-float/no-interrupts/libnrf_cc310_bl_0.9.12.a(pka_ec_wrst.c.obj)
                0x0000000000005194                PkaDoubleMdf2Jcb
 .text.PkaAddJcbAfn2Mdf
                0x000000000000530c      0x194 C:/ncs/v2.0.0/nrfxlib/crypto/nrf_cc310_bl/lib/cortex-m33/hard-float/no-interrupts/libnrf_cc310_bl_0.9.12.a(pka_ec_wrst.c.obj)
                0x000000000000530c                PkaAddJcbAfn2Mdf
 .text.PkaJcb2Afn
                0x00000000000054a0       0xb0 C:/ncs/v2.0.0/nrfxlib/crypto/nrf_cc310_bl/lib/cortex-m33/hard-float/no-interrupts/libnrf_cc310_bl_0.9.12.a(pka_ec_wrst.c.obj)
                0x00000000000054a0                PkaJcb2Afn
 .text.PkaAddAff
                0x0000000000005550      0x114 C:/ncs/v2.0.0/nrfxlib/crypto/nrf_cc310_bl/lib/cortex-m33/hard-float/no-interrupts/libnrf_cc310_bl_0.9.12.a(pka_ec_wrst.c.obj)
                0x0000000000005550                PkaAddAff
 .text.PkaSum2ScalarMullt
                0x0000000000005664      0x1e4 C:/ncs/v2.0.0/nrfxlib/crypto/nrf_cc310_bl/lib/cortex-m33/hard-float/no-interrupts/libnrf_cc310_bl_0.9.12.a(pka_ec_wrst.c.obj)
                0x0000000000005664                PkaSum2ScalarMullt
 .text.SaSi_HalClearInterruptBit
                0x0000000000005848        0xc C:/ncs/v2.0.0/nrfxlib/crypto/nrf_cc310_bl/lib/cortex-m33/hard-float/no-interrupts/libnrf_cc310_bl_0.9.12.a(ssi_hal.c.obj)
                0x0000000000005848                SaSi_HalClearInterruptBit
 .text.SaSi_HalMaskInterrupt
                0x0000000000005854        0xc C:/ncs/v2.0.0/nrfxlib/crypto/nrf_cc310_bl/lib/cortex-m33/hard-float/no-interrupts/libnrf_cc310_bl_0.9.12.a(ssi_hal.c.obj)
                0x0000000000005854                SaSi_HalMaskInterrupt
 .text.SaSi_HalWaitInterrupt
                0x0000000000005860       0x18 C:/ncs/v2.0.0/nrfxlib/crypto/nrf_cc310_bl/lib/cortex-m33/hard-float/no-interrupts/libnrf_cc310_bl_0.9.12.a(ssi_hal.c.obj)
                0x0000000000005860                SaSi_HalWaitInterrupt
 .text.flash_area_id_from_multi_image_slot
                0x0000000000005878       0x12 app/libapp.a(flash_map_extended.c.obj)
                0x0000000000005878                flash_area_id_from_multi_image_slot
 .text.flash_area_get_device_id
                0x000000000000588a        0x4 app/libapp.a(flash_map_extended.c.obj)
                0x000000000000588a                flash_area_get_device_id
 .text.os_heap_init
                0x000000000000588e        0x2 app/libapp.a(os.c.obj)
                0x000000000000588e                os_heap_init
 .text.bootutil_tlv_iter_begin
                0x0000000000005890       0x98 app/libapp.a(tlv.c.obj)
                0x0000000000005890                bootutil_tlv_iter_begin
 .text.bootutil_tlv_iter_next
                0x0000000000005928       0x96 app/libapp.a(tlv.c.obj)
                0x0000000000005928                bootutil_tlv_iter_next
 .text.bootutil_read_bigint
                0x00000000000059be       0x58 app/libapp.a(image_ec256.c.obj)
 .text.boot_fih_memequal
                0x0000000000005a16        0x4 app/libapp.a(bootutil_misc.c.obj)
                0x0000000000005a16                boot_fih_memequal
 .text.boot_trailer_sz
                0x0000000000005a1a        0xa app/libapp.a(bootutil_misc.c.obj)
                0x0000000000005a1a                boot_trailer_sz
 .text.boot_status_entries
                0x0000000000005a24       0x1a app/libapp.a(bootutil_misc.c.obj)
                0x0000000000005a24                boot_status_entries
 .text.boot_status_off
                0x0000000000005a3e       0x16 app/libapp.a(bootutil_misc.c.obj)
                0x0000000000005a3e                boot_status_off
 .text.boot_write_copy_done
                0x0000000000005a54       0x10 app/libapp.a(bootutil_misc.c.obj)
                0x0000000000005a54                boot_write_copy_done
 .text.boot_write_swap_size
                0x0000000000005a64       0x1e app/libapp.a(bootutil_misc.c.obj)
                0x0000000000005a64                boot_write_swap_size
 .text.boot_read_image_headers
                0x0000000000005a82       0x32 app/libapp.a(loader.c.obj)
 .text.boot_read_image_size.isra.0
                0x0000000000005ab4       0x82 app/libapp.a(loader.c.obj)
 .text.boot_read_sectors
                0x0000000000005b36       0x42 app/libapp.a(loader.c.obj)
 .text.boot_status_reset
                0x0000000000005b78       0x12 app/libapp.a(loader.c.obj)
                0x0000000000005b78                boot_status_reset
 .text.boot_status_is_reset
                0x0000000000005b8a       0x1a app/libapp.a(loader.c.obj)
                0x0000000000005b8a                boot_status_is_reset
 .text.boot_write_status
                0x0000000000005ba4       0x64 app/libapp.a(loader.c.obj)
                0x0000000000005ba4                boot_write_status
 .text.boot_erase_region
                0x0000000000005c08        0x4 app/libapp.a(loader.c.obj)
                0x0000000000005c08                boot_erase_region
 .text.swap_erase_trailer_sectors
                0x0000000000005c0c       0x6c app/libapp.a(swap_misc.c.obj)
                0x0000000000005c0c                swap_erase_trailer_sectors
 .text.swap_status_init
                0x0000000000005c78       0x3e app/libapp.a(swap_misc.c.obj)
                0x0000000000005c78                swap_status_init
 .text.swap_read_status
                0x0000000000005cb6       0x7a app/libapp.a(swap_misc.c.obj)
                0x0000000000005cb6                swap_read_status
 .text.swap_set_copy_done
                0x0000000000005d30       0x24 app/libapp.a(swap_misc.c.obj)
                0x0000000000005d30                swap_set_copy_done
 .text.swap_set_image_ok
                0x0000000000005d54       0x3c app/libapp.a(swap_misc.c.obj)
                0x0000000000005d54                swap_set_image_ok
 .text.boot_status_internal_off
                0x0000000000005d90       0x2e app/libapp.a(swap_move.c.obj)
                0x0000000000005d90                boot_status_internal_off
 .text.mbedtls_asn1_get_len
                0x0000000000005dbe       0x90 app/libapp.a(asn1parse.c.obj)
                0x0000000000005dbe                mbedtls_asn1_get_len
 .text.mbedtls_asn1_get_tag
                0x0000000000005e4e       0x28 app/libapp.a(asn1parse.c.obj)
                0x0000000000005e4e                mbedtls_asn1_get_tag
 .text.mbedtls_asn1_get_bitstring_null
                0x0000000000005e76       0x28 app/libapp.a(asn1parse.c.obj)
                0x0000000000005e76                mbedtls_asn1_get_bitstring_null
 .text.mbedtls_asn1_get_alg
                0x0000000000005e9e       0x96 app/libapp.a(asn1parse.c.obj)
                0x0000000000005e9e                mbedtls_asn1_get_alg
 .text.cc310_sha256_update
                0x0000000000005f34       0x36 app/libapp.a(cc310_glue.c.obj)
                0x0000000000005f34                cc310_sha256_update
 .text.sys_notify_validate
                0x0000000000005f6a       0x22 zephyr/libzephyr.a(notify.c.obj)
                0x0000000000005f6a                sys_notify_validate
 .text.sys_notify_finalize
                0x0000000000005f8c       0x18 zephyr/libzephyr.a(notify.c.obj)
                0x0000000000005f8c                sys_notify_finalize
 .text.arch_printk_char_out
                0x0000000000005fa4        0x4 zephyr/libzephyr.a(printk.c.obj)
                0x0000000000005fa4                arch_printk_char_out
 .text.printk   0x0000000000005fa8       0x1a zephyr/libzephyr.a(printk.c.obj)
                0x0000000000005fa8                printk
 .text.process_recheck
                0x0000000000005fc2       0x38 zephyr/libzephyr.a(onoff.c.obj)
 .text.notify_one
                0x0000000000005ffa       0x2c zephyr/libzephyr.a(onoff.c.obj)
 .text.transition_complete
                0x0000000000006026       0x1e zephyr/libzephyr.a(onoff.c.obj)
 .text.validate_args
                0x0000000000006044       0x1e zephyr/libzephyr.a(onoff.c.obj)
 .text.onoff_manager_init
                0x0000000000006062       0x26 zephyr/libzephyr.a(onoff.c.obj)
                0x0000000000006062                onoff_manager_init
 .text.onoff_request
                0x0000000000006088       0x92 zephyr/libzephyr.a(onoff.c.obj)
                0x0000000000006088                onoff_request
 .text._ConfigAbsSyms
                0x000000000000611a        0x2 zephyr/libzephyr.a(configs.c.obj)
                0x000000000000611a                _ConfigAbsSyms
 .text.z_log_minimal_printk
                0x000000000000611c       0x1a zephyr/libzephyr.a(log_minimal.c.obj)
                0x000000000000611c                z_log_minimal_printk
 .text.flash_area_close
                0x0000000000006136        0x2 zephyr/libzephyr.a(flash_map.c.obj)
                0x0000000000006136                flash_area_close
 .text.flash_area_read
                0x0000000000006138       0x38 zephyr/libzephyr.a(flash_map.c.obj)
                0x0000000000006138                flash_area_read
 .text.flash_area_write
                0x0000000000006170       0x38 zephyr/libzephyr.a(flash_map.c.obj)
                0x0000000000006170                flash_area_write
 .text.flash_area_erase
                0x00000000000061a8       0x2e zephyr/libzephyr.a(flash_map.c.obj)
                0x00000000000061a8                flash_area_erase
 .text.flash_area_align
                0x00000000000061d6       0x12 zephyr/libzephyr.a(flash_map.c.obj)
                0x00000000000061d6                flash_area_align
 .text.flash_area_erased_val
                0x00000000000061e8       0x12 zephyr/libzephyr.a(flash_map.c.obj)
                0x00000000000061e8                flash_area_erased_val
 .text.get_sectors_cb
                0x00000000000061fa       0x3c zephyr/libzephyr.a(flash_map_layout.c.obj)
 .text.abort_function
                0x0000000000006236        0x8 zephyr/libzephyr.a(nrf_cc3xx_platform_abort_zephyr.c.obj)
 .text.nrf_cc3xx_platform_mutex_init
                0x000000000000623e        0x2 zephyr/libzephyr.a(nrf_cc3xx_platform_no_mutex_zephyr.c.obj)
                0x000000000000623e                nrf_cc3xx_platform_mutex_init
 .text.z_do_kernel_oops
                0x0000000000006240        0x8 zephyr/arch/arch/arm/core/aarch32/libarch__arm__core__aarch32.a(fatal.c.obj)
                0x0000000000006240                z_do_kernel_oops
 .text.z_irq_spurious
                0x0000000000006248        0x8 zephyr/arch/arch/arm/core/aarch32/libarch__arm__core__aarch32.a(irq_manage.c.obj)
                0x0000000000006248                z_irq_spurious
 .text.z_arm_nmi
                0x0000000000006250        0xe zephyr/arch/arch/arm/core/aarch32/libarch__arm__core__aarch32.a(nmi.c.obj)
                0x0000000000006250                z_arm_nmi
 .text.strlen   0x000000000000625e        0xe zephyr/lib/libc/minimal/liblib__libc__minimal.a(string.c.obj)
                0x000000000000625e                strlen
 .text.strcmp   0x000000000000626c       0x18 zephyr/lib/libc/minimal/liblib__libc__minimal.a(string.c.obj)
                0x000000000000626c                strcmp
 .text.memcmp   0x0000000000006284       0x22 zephyr/lib/libc/minimal/liblib__libc__minimal.a(string.c.obj)
                0x0000000000006284                memcmp
 .text.memcpy   0x00000000000062a6       0x16 zephyr/lib/libc/minimal/liblib__libc__minimal.a(string.c.obj)
                0x00000000000062a6                memcpy
 .text.memset   0x00000000000062bc       0x12 zephyr/lib/libc/minimal/liblib__libc__minimal.a(string.c.obj)
                0x00000000000062bc                memset
 .text._stdout_hook_default
                0x00000000000062ce        0x6 zephyr/lib/libc/minimal/liblib__libc__minimal.a(stdout_console.c.obj)
 .text.get_status
                0x00000000000062d4       0x12 zephyr/drivers/clock_control/libdrivers__clock_control.a(clock_control_nrf.c.obj)
 .text.set_on_state
                0x00000000000062e6       0x26 zephyr/drivers/clock_control/libdrivers__clock_control.a(clock_control_nrf.c.obj)
 .text.stop     0x000000000000630c       0x54 zephyr/drivers/clock_control/libdrivers__clock_control.a(clock_control_nrf.c.obj)
 .text.api_stop
                0x0000000000006360        0x6 zephyr/drivers/clock_control/libdrivers__clock_control.a(clock_control_nrf.c.obj)
 .text.async_start
                0x0000000000006366       0x5e zephyr/drivers/clock_control/libdrivers__clock_control.a(clock_control_nrf.c.obj)
 .text.api_start
                0x00000000000063c4        0xe zephyr/drivers/clock_control/libdrivers__clock_control.a(clock_control_nrf.c.obj)
 .text.api_blocking_start
                0x00000000000063d2        0x6 zephyr/drivers/clock_control/libdrivers__clock_control.a(clock_control_nrf.c.obj)
 .text.onoff_started_callback
                0x00000000000063d8       0x14 zephyr/drivers/clock_control/libdrivers__clock_control.a(clock_control_nrf.c.obj)
 .text.lfclk_start
                0x00000000000063ec        0x6 zephyr/drivers/clock_control/libdrivers__clock_control.a(clock_control_nrf.c.obj)
 .text.lfclk_stop
                0x00000000000063f2        0x6 zephyr/drivers/clock_control/libdrivers__clock_control.a(clock_control_nrf.c.obj)
 .text.gpio_nrfx_port_get_raw
                0x00000000000063f8        0xc zephyr/drivers/gpio/libdrivers__gpio.a(gpio_nrfx.c.obj)
 .text.gpio_nrfx_port_set_masked_raw
                0x0000000000006404       0x12 zephyr/drivers/gpio/libdrivers__gpio.a(gpio_nrfx.c.obj)
 .text.gpio_nrfx_port_set_bits_raw
                0x0000000000006416        0xa zephyr/drivers/gpio/libdrivers__gpio.a(gpio_nrfx.c.obj)
 .text.gpio_nrfx_port_clear_bits_raw
                0x0000000000006420        0xa zephyr/drivers/gpio/libdrivers__gpio.a(gpio_nrfx.c.obj)
 .text.gpio_nrfx_port_toggle_bits
                0x000000000000642a        0xe zephyr/drivers/gpio/libdrivers__gpio.a(gpio_nrfx.c.obj)
 .text.gpio_nrfx_manage_callback
                0x0000000000006438       0x54 zephyr/drivers/gpio/libdrivers__gpio.a(gpio_nrfx.c.obj)
 .text.is_regular_addr_valid
                0x000000000000648c       0x22 zephyr/drivers/flash/libdrivers__flash.a(soc_flash_nrf.c.obj)
 .text.flash_page_foreach
                0x00000000000064ae       0x58 zephyr/drivers/flash/libdrivers__flash.a(flash_page_layout.c.obj)
                0x00000000000064ae                flash_page_foreach
 .text.uarte_nrfx_config_get
                0x0000000000006506       0x10 zephyr/drivers/serial/libdrivers__serial.a(uart_nrfx_uarte.c.obj)
 .text.uarte_nrfx_err_check
                0x0000000000006516        0xe zephyr/drivers/serial/libdrivers__serial.a(uart_nrfx_uarte.c.obj)
 .text.uarte_nrfx_poll_in
                0x0000000000006524       0x26 zephyr/drivers/serial/libdrivers__serial.a(uart_nrfx_uarte.c.obj)
 .text.is_tx_ready.isra.0
                0x000000000000654a       0x22 zephyr/drivers/serial/libdrivers__serial.a(uart_nrfx_uarte.c.obj)
 .text.uarte_nrfx_isr_int
                0x000000000000656c       0x72 zephyr/drivers/serial/libdrivers__serial.a(uart_nrfx_uarte.c.obj)
 .text.uarte_1_init
                0x00000000000065de       0x1e zephyr/drivers/serial/libdrivers__serial.a(uart_nrfx_uarte.c.obj)
 .text.uarte_0_init
                0x00000000000065fc       0x1e zephyr/drivers/serial/libdrivers__serial.a(uart_nrfx_uarte.c.obj)
 .text.pinctrl_lookup_state
                0x000000000000661a       0x30 zephyr/drivers/pinctrl/libdrivers__pinctrl.a(common.c.obj)
                0x000000000000661a                pinctrl_lookup_state
 .text.hw_cc3xx_init_internal
                0x000000000000664a        0x4 modules/nrf/drivers/hw_cc310/lib..__nrf__drivers__hw_cc310.a(hw_cc310.c.obj)
 .text.hw_cc3xx_init
                0x000000000000664e       0x12 modules/nrf/drivers/hw_cc310/lib..__nrf__drivers__hw_cc310.a(hw_cc310.c.obj)
 .text.bootutil_buffer_is_erased.part.0
                0x0000000000006660       0x22 modules/mcuboot/boot/bootutil/zephyr/libmcuboot_util.a(bootutil_public.c.obj)
 .text.boot_swap_info_off
                0x0000000000006682        0xc modules/mcuboot/boot/bootutil/zephyr/libmcuboot_util.a(bootutil_public.c.obj)
                0x0000000000006682                boot_swap_info_off
 .text.boot_magic_compatible_check
                0x000000000000668e       0x1c modules/mcuboot/boot/bootutil/zephyr/libmcuboot_util.a(bootutil_public.c.obj)
                0x000000000000668e                boot_magic_compatible_check
 .text.bootutil_buffer_is_erased
                0x00000000000066aa        0xc modules/mcuboot/boot/bootutil/zephyr/libmcuboot_util.a(bootutil_public.c.obj)
                0x00000000000066aa                bootutil_buffer_is_erased
 .text.boot_read_flag
                0x00000000000066b6       0x3a modules/mcuboot/boot/bootutil/zephyr/libmcuboot_util.a(bootutil_public.c.obj)
 .text.boot_write_trailer
                0x00000000000066f0       0x58 modules/mcuboot/boot/bootutil/zephyr/libmcuboot_util.a(bootutil_public.c.obj)
                0x00000000000066f0                boot_write_trailer
 .text.boot_write_trailer_flag
                0x0000000000006748       0x14 modules/mcuboot/boot/bootutil/zephyr/libmcuboot_util.a(bootutil_public.c.obj)
                0x0000000000006748                boot_write_trailer_flag
 .text.boot_write_image_ok
                0x000000000000675c        0xe modules/mcuboot/boot/bootutil/zephyr/libmcuboot_util.a(bootutil_public.c.obj)
                0x000000000000675c                boot_write_image_ok
 .text.boot_read_image_ok
                0x000000000000676a        0xc modules/mcuboot/boot/bootutil/zephyr/libmcuboot_util.a(bootutil_public.c.obj)
                0x000000000000676a                boot_read_image_ok
 .text.boot_read_swap_state_by_id
                0x0000000000006776       0x28 modules/mcuboot/boot/bootutil/zephyr/libmcuboot_util.a(bootutil_public.c.obj)
                0x0000000000006776                boot_read_swap_state_by_id
 .text.boot_write_swap_info
                0x000000000000679e       0x22 modules/mcuboot/boot/bootutil/zephyr/libmcuboot_util.a(bootutil_public.c.obj)
                0x000000000000679e                boot_write_swap_info
 .text.nrf91_errata_14
                0x00000000000067c0       0x20 modules/hal_nordic/nrfx/libmodules__hal_nordic__nrfx.a(system_nrf9160.c.obj)
 .text.nrfx_isr
                0x00000000000067e0        0x2 modules/hal_nordic/nrfx/libmodules__hal_nordic__nrfx.a(nrfx_glue.c.obj)
                0x00000000000067e0                nrfx_isr
 .text.nrfx_busy_wait
                0x00000000000067e2        0x4 modules/hal_nordic/nrfx/libmodules__hal_nordic__nrfx.a(nrfx_glue.c.obj)
                0x00000000000067e2                nrfx_busy_wait
 .text.clock_stop
                0x00000000000067e6       0x98 modules/hal_nordic/nrfx/libmodules__hal_nordic__nrfx.a(nrfx_clock.c.obj)
 .text.nrfx_clock_enable
                0x000000000000687e       0x1c modules/hal_nordic/nrfx/libmodules__hal_nordic__nrfx.a(nrfx_clock.c.obj)
                0x000000000000687e                nrfx_clock_enable
 .text.nrfx_clock_start
                0x000000000000689a       0x82 modules/hal_nordic/nrfx/libmodules__hal_nordic__nrfx.a(nrfx_clock.c.obj)
                0x000000000000689a                nrfx_clock_start
 .text.nrfx_clock_stop
                0x000000000000691c        0x4 modules/hal_nordic/nrfx/libmodules__hal_nordic__nrfx.a(nrfx_clock.c.obj)
                0x000000000000691c                nrfx_clock_stop
 .text.nrfx_nvmc_flash_size_get
                0x0000000000006920        0x6 modules/hal_nordic/nrfx/libmodules__hal_nordic__nrfx.a(nrfx_nvmc.c.obj)
                0x0000000000006920                nrfx_nvmc_flash_size_get
 .text.nrfx_nvmc_flash_page_size_get
                0x0000000000006926        0x6 modules/hal_nordic/nrfx/libmodules__hal_nordic__nrfx.a(nrfx_nvmc.c.obj)
                0x0000000000006926                nrfx_nvmc_flash_page_size_get
 .text.nrfx_nvmc_flash_page_count_get
                0x000000000000692c        0x6 modules/hal_nordic/nrfx/libmodules__hal_nordic__nrfx.a(nrfx_nvmc.c.obj)
                0x000000000000692c                nrfx_nvmc_flash_page_count_get
 .text.z_device_state_init
                0x0000000000006932        0x2 zephyr/kernel/libkernel.a(device.c.obj)
                0x0000000000006932                z_device_state_init
 .text.z_device_is_ready
                0x0000000000006934       0x14 zephyr/kernel/libkernel.a(device.c.obj)
                0x0000000000006934                z_device_is_ready
 .text.z_early_memset
                0x0000000000006948        0x4 zephyr/kernel/libkernel.a(init.c.obj)
                0x0000000000006948                z_early_memset
 .text.z_early_memcpy
                0x000000000000694c        0x4 zephyr/kernel/libkernel.a(init.c.obj)
                0x000000000000694c                z_early_memcpy
 .text.k_is_in_isr
                0x0000000000006950        0xc zephyr/kernel/libkernel.a(thread.c.obj)
                0x0000000000006950                k_is_in_isr
 .text.z_impl_k_busy_wait
                0x000000000000695c        0x8 zephyr/kernel/libkernel.a(timeout.c.obj)
                0x000000000000695c                z_impl_k_busy_wait
 .text._OffsetAbsSyms
                0x0000000000006964        0x2 zephyr/CMakeFiles/offsets.dir/./arch/arm/core/offsets/offsets.c.obj
                0x0000000000006964                _OffsetAbsSyms
 .text.nrf_cc310_bl_ecdsa_verify_secp256r1
                0x0000000000006966       0x26 C:/ncs/v2.0.0/nrfxlib/crypto/nrf_cc310_bl/lib/cortex-m33/hard-float/no-interrupts/libnrf_cc310_bl_0.9.12.a(nrf_cc310_bl_ecdsa_verify_secp256r1.c.obj)
                0x0000000000006966                nrf_cc310_bl_ecdsa_verify_secp256r1
 .text.PkaInitAndMutexLock
                0x000000000000698c        0x8 C:/ncs/v2.0.0/nrfxlib/crypto/nrf_cc310_bl/lib/cortex-m33/hard-float/no-interrupts/libnrf_cc310_bl_0.9.12.a(pka.c.obj)
                0x000000000000698c                PkaInitAndMutexLock
 .text.SaSi_PalMemCopy
                0x0000000000006994        0x4 C:/ncs/v2.0.0/nrfxlib/crypto/nrf_cc310_bl/lib/cortex-m33/hard-float/no-interrupts/libnrf_cc310_bl_0.9.12.a(ssi_pal_mem.c.obj)
                0x0000000000006994                SaSi_PalMemCopy
 .text.SaSi_PalMemSet
                0x0000000000006998        0x4 C:/ncs/v2.0.0/nrfxlib/crypto/nrf_cc310_bl/lib/cortex-m33/hard-float/no-interrupts/libnrf_cc310_bl_0.9.12.a(ssi_pal_mem.c.obj)
                0x0000000000006998                SaSi_PalMemSet
 .text.SaSi_PalMemSetZero
                0x000000000000699c        0x8 C:/ncs/v2.0.0/nrfxlib/crypto/nrf_cc310_bl/lib/cortex-m33/hard-float/no-interrupts/libnrf_cc310_bl_0.9.12.a(ssi_pal_mem.c.obj)
                0x000000000000699c                SaSi_PalMemSetZero
 .text.CRYS_COMMON_ReverseMemcpy32
                0x00000000000069a4       0x1a C:/ncs/v2.0.0/nrfxlib/crypto/nrf_cc310_bl/lib/cortex-m33/hard-float/no-interrupts/libnrf_cc310_bl_0.9.12.a(crys_common_conv_endian.c.obj)
                0x00000000000069a4                CRYS_COMMON_ReverseMemcpy32
 *(SORT_BY_ALIGNMENT(.TEXT.*))
 *fill*         0x00000000000069be        0x2 
 .TEXT.z_arm_platform_init
                0x00000000000069c0        0x4 zephyr/libzephyr.a(soc_nrf_common.S.obj)
                0x00000000000069c0                z_arm_platform_init
 *(SORT_BY_ALIGNMENT(.gnu.linkonce.t.*))
 *(SORT_BY_ALIGNMENT(.glue_7t))
 .glue_7t       0x00000000000069c4        0x0 linker stubs
 *(SORT_BY_ALIGNMENT(.glue_7))
 .glue_7        0x00000000000069c4        0x0 linker stubs
 *(SORT_BY_ALIGNMENT(.vfp11_veneer))
 .vfp11_veneer  0x00000000000069c4        0x0 linker stubs
 *(SORT_BY_ALIGNMENT(.v4_bx))
 .v4_bx         0x00000000000069c4        0x0 linker stubs
                0x00000000000069c4                __text_region_end = .

.ARM.exidx      0x00000000000069c4        0x8
                0x00000000000069c4                __exidx_start = .
 *(SORT_BY_ALIGNMENT(.ARM.exidx*) SORT_BY_ALIGNMENT(gnu.linkonce.armexidx.*))
 .ARM.exidx     0x00000000000069c4        0x8 c:/ncs/toolchains/v2.0.0/opt/zephyr-sdk/arm-zephyr-eabi/bin/../lib/gcc/arm-zephyr-eabi/10.3.0/thumb/v8-m.main+fp/hard\libgcc.a(_udivmoddi4.o)
                0x00000000000069cc                __exidx_end = .
                0x00000000000069cc                __rodata_region_start = .

initlevel       0x00000000000069cc       0x50
                0x00000000000069cc                __init_start = .
                0x00000000000069cc                __init_PRE_KERNEL_1_start = .
 *(SORT_BY_NAME(SORT_BY_ALIGNMENT(.z_init_PRE_KERNEL_1[0-9]_*)))
 .z_init_PRE_KERNEL_10_
                0x00000000000069cc        0x8 zephyr/libzephyr.a(soc.c.obj)
 *(SORT_BY_NAME(SORT_BY_ALIGNMENT(.z_init_PRE_KERNEL_1[1-9][0-9]_*)))
 .z_init_PRE_KERNEL_130_
                0x00000000000069d4        0x8 zephyr/drivers/clock_control/libdrivers__clock_control.a(clock_control_nrf.c.obj)
 .z_init_PRE_KERNEL_140_
                0x00000000000069dc        0x8 zephyr/drivers/gpio/libdrivers__gpio.a(gpio_nrfx.c.obj)
 .z_init_PRE_KERNEL_140_
                0x00000000000069e4        0x8 modules/nrf/drivers/hw_cc310/lib..__nrf__drivers__hw_cc310.a(hw_cc310.c.obj)
 .z_init_PRE_KERNEL_155_
                0x00000000000069ec       0x10 zephyr/drivers/serial/libdrivers__serial.a(uart_nrfx_uarte.c.obj)
 .z_init_PRE_KERNEL_160_
                0x00000000000069fc        0x8 zephyr/drivers/console/libdrivers__console.a(uart_console.c.obj)
                0x0000000000006a04                __init_PRE_KERNEL_2_start = .
 *(SORT_BY_NAME(SORT_BY_ALIGNMENT(.z_init_PRE_KERNEL_2[0-9]_*)))
 .z_init_PRE_KERNEL_20_
                0x0000000000006a04        0x8 zephyr/drivers/timer/libdrivers__timer.a(nrf_rtc_timer.c.obj)
 *(SORT_BY_NAME(SORT_BY_ALIGNMENT(.z_init_PRE_KERNEL_2[1-9][0-9]_*)))
                0x0000000000006a0c                __init_POST_KERNEL_start = .
 *(SORT_BY_NAME(SORT_BY_ALIGNMENT(.z_init_POST_KERNEL[0-9]_*)))
 *(SORT_BY_NAME(SORT_BY_ALIGNMENT(.z_init_POST_KERNEL[1-9][0-9]_*)))
 .z_init_POST_KERNEL40_
                0x0000000000006a0c        0x8 modules/nrf/drivers/hw_cc310/lib..__nrf__drivers__hw_cc310.a(hw_cc310.c.obj)
 .z_init_POST_KERNEL50_
                0x0000000000006a14        0x8 zephyr/drivers/flash/libdrivers__flash.a(soc_flash_nrf.c.obj)
                0x0000000000006a1c                __init_APPLICATION_start = .
 *(SORT_BY_NAME(SORT_BY_ALIGNMENT(.z_init_APPLICATION[0-9]_*)))
 *(SORT_BY_NAME(SORT_BY_ALIGNMENT(.z_init_APPLICATION[1-9][0-9]_*)))
                0x0000000000006a1c                __init_SMP_start = .
 *(SORT_BY_NAME(SORT_BY_ALIGNMENT(.z_init_SMP[0-9]_*)))
 *(SORT_BY_NAME(SORT_BY_ALIGNMENT(.z_init_SMP[1-9][0-9]_*)))
                0x0000000000006a1c                __init_end = .

devices         0x0000000000006a1c       0x78
                0x0000000000006a1c                __device_start = .
                0x0000000000006a1c                __device_PRE_KERNEL_1_start = .
 *(SORT_BY_NAME(SORT_BY_ALIGNMENT(.z_device_PRE_KERNEL_1[0-9]_*)))
 *(SORT_BY_NAME(SORT_BY_ALIGNMENT(.z_device_PRE_KERNEL_1[1-9][0-9]_*)))
 .z_device_PRE_KERNEL_130_
                0x0000000000006a1c       0x18 zephyr/drivers/clock_control/libdrivers__clock_control.a(clock_control_nrf.c.obj)
                0x0000000000006a1c                __device_dts_ord_69
 .z_device_PRE_KERNEL_140_
                0x0000000000006a34       0x18 zephyr/drivers/gpio/libdrivers__gpio.a(gpio_nrfx.c.obj)
                0x0000000000006a34                __device_dts_ord_9
 .z_device_PRE_KERNEL_155_
                0x0000000000006a4c       0x30 zephyr/drivers/serial/libdrivers__serial.a(uart_nrfx_uarte.c.obj)
                0x0000000000006a4c                __device_dts_ord_100
                0x0000000000006a64                __device_dts_ord_99
                0x0000000000006a7c                __device_PRE_KERNEL_2_start = .
 *(SORT_BY_NAME(SORT_BY_ALIGNMENT(.z_device_PRE_KERNEL_2[0-9]_*)))
 *(SORT_BY_NAME(SORT_BY_ALIGNMENT(.z_device_PRE_KERNEL_2[1-9][0-9]_*)))
                0x0000000000006a7c                __device_POST_KERNEL_start = .
 *(SORT_BY_NAME(SORT_BY_ALIGNMENT(.z_device_POST_KERNEL[0-9]_*)))
 *(SORT_BY_NAME(SORT_BY_ALIGNMENT(.z_device_POST_KERNEL[1-9][0-9]_*)))
 .z_device_POST_KERNEL50_
                0x0000000000006a7c       0x18 zephyr/drivers/flash/libdrivers__flash.a(soc_flash_nrf.c.obj)
                0x0000000000006a7c                __device_dts_ord_105
                0x0000000000006a94                __device_APPLICATION_start = .
 *(SORT_BY_NAME(SORT_BY_ALIGNMENT(.z_device_APPLICATION[0-9]_*)))
 *(SORT_BY_NAME(SORT_BY_ALIGNMENT(.z_device_APPLICATION[1-9][0-9]_*)))
                0x0000000000006a94                __device_SMP_start = .
 *(SORT_BY_NAME(SORT_BY_ALIGNMENT(.z_device_SMP[0-9]_*)))
 *(SORT_BY_NAME(SORT_BY_ALIGNMENT(.z_device_SMP[1-9][0-9]_*)))
                0x0000000000006a94                __device_end = .

sw_isr_table    0x0000000000006a94      0x208
                0x0000000000006a94                . = ALIGN (0x0)
 *(SORT_BY_ALIGNMENT(.gnu.linkonce.sw_isr_table*))
 .gnu.linkonce.sw_isr_table
                0x0000000000006a94      0x208 zephyr/arch/common/libisr_tables.a(isr_tables.c.obj)
                0x0000000000006a94                _sw_isr_table

initlevel_error
                0x00000000000069cc        0x0
 *(SORT_BY_NAME(SORT_BY_ALIGNMENT(.z_init_[_A-Z0-9]*)))
                0x0000000000000001                ASSERT ((SIZEOF (initlevel_error) == 0x0), Undefined initialization levels used.)

app_shmem_regions
                0x0000000000006c9c        0x0
                0x0000000000006c9c                __app_shmem_regions_start = .
 *(SORT_BY_NAME(SORT_BY_ALIGNMENT(.app_regions.*)))
                0x0000000000006c9c                __app_shmem_regions_end = .

bt_l2cap_fixed_chan_area
                0x0000000000006c9c        0x0
                0x0000000000006c9c                _bt_l2cap_fixed_chan_list_start = .
 *(SORT_BY_NAME(SORT_BY_ALIGNMENT(._bt_l2cap_fixed_chan.static.*)))
                0x0000000000006c9c                _bt_l2cap_fixed_chan_list_end = .

bt_gatt_service_static_area
                0x0000000000006c9c        0x0
                0x0000000000006c9c                _bt_gatt_service_static_list_start = .
 *(SORT_BY_NAME(SORT_BY_ALIGNMENT(._bt_gatt_service_static.static.*)))
                0x0000000000006c9c                _bt_gatt_service_static_list_end = .

k_p4wq_initparam_area
                0x0000000000006c9c        0x0
                0x0000000000006c9c                _k_p4wq_initparam_list_start = .
 *(SORT_BY_NAME(SORT_BY_ALIGNMENT(._k_p4wq_initparam.static.*)))
                0x0000000000006c9c                _k_p4wq_initparam_list_end = .

log_strings_sections
                0x0000000000006c9c        0x0
                0x0000000000006c9c                __log_strings_start = .
 *(SORT_BY_NAME(SORT_BY_ALIGNMENT(.log_strings*)))
                0x0000000000006c9c                __log_strings_end = .

log_const_sections
                0x0000000000006c9c       0x38
                0x0000000000006c9c                __log_const_start = .
 *(SORT_BY_NAME(SORT_BY_ALIGNMENT(.log_const_*)))
 .log_const_clock_control
                0x0000000000006c9c        0x8 zephyr/drivers/clock_control/libdrivers__clock_control.a(clock_control_nrf.c.obj)
                0x0000000000006c9c                log_const_clock_control
 .log_const_fatal_error
                0x0000000000006ca4        0x8 modules/nrf/lib/fatal_error/lib..__nrf__lib__fatal_error.a(fatal_error.c.obj)
                0x0000000000006ca4                log_const_fatal_error
 .log_const_flash_nrf
                0x0000000000006cac        0x8 zephyr/drivers/flash/libdrivers__flash.a(soc_flash_nrf.c.obj)
                0x0000000000006cac                log_const_flash_nrf
 .log_const_mcuboot
                0x0000000000006cb4        0x8 app/libapp.a(main.c.obj)
                0x0000000000006cb4                log_const_mcuboot
 .log_const_os  0x0000000000006cbc        0x8 zephyr/kernel/libkernel.a(init.c.obj)
                0x0000000000006cbc                log_const_os
 .log_const_soc
                0x0000000000006cc4        0x8 zephyr/libzephyr.a(soc.c.obj)
                0x0000000000006cc4                log_const_soc
 .log_const_uart_nrfx_uarte
                0x0000000000006ccc        0x8 zephyr/drivers/serial/libdrivers__serial.a(uart_nrfx_uarte.c.obj)
                0x0000000000006ccc                log_const_uart_nrfx_uarte
                0x0000000000006cd4                __log_const_end = .

log_backends_sections
                0x0000000000006cd4        0x0
                0x0000000000006cd4                __log_backends_start = .
 *(SORT_BY_ALIGNMENT(._log_backend.*))
                0x0000000000006cd4                __log_backends_end = .

shell_area      0x0000000000006cd4        0x0
                0x0000000000006cd4                _shell_list_start = .
 *(SORT_BY_NAME(SORT_BY_ALIGNMENT(._shell.static.*)))
                0x0000000000006cd4                _shell_list_end = .

shell_root_cmds_sections
                0x0000000000006cd4        0x0
                0x0000000000006cd4                __shell_root_cmds_start = .
 *(SORT_BY_NAME(SORT_BY_ALIGNMENT(.shell_root_cmd_*)))
                0x0000000000006cd4                __shell_root_cmds_end = .

font_entry_sections
                0x0000000000006cd4        0x0
                0x0000000000006cd4                __font_entry_start = .
 *(SORT_BY_NAME(SORT_BY_ALIGNMENT(._cfb_font.*)))
                0x0000000000006cd4                __font_entry_end = .

tracing_backend_area
                0x0000000000006cd4        0x0
                0x0000000000006cd4                _tracing_backend_list_start = .
 *(SORT_BY_NAME(SORT_BY_ALIGNMENT(._tracing_backend.static.*)))
                0x0000000000006cd4                _tracing_backend_list_end = .

zephyr_dbg_info
 *(SORT_BY_ALIGNMENT(.dbg_thread_info))

device_handles  0x0000000000006cd4       0x4a
                0x0000000000006cd4                __device_handles_start = .
 *(SORT_BY_NAME(SORT_BY_ALIGNMENT(.__device_handles_pass1*)))
 .__device_handles_pass1
                0x0000000000006cd4        0xa zephyr/drivers/clock_control/libdrivers__clock_control.a(clock_control_nrf.c.obj)
                0x0000000000006cd4                __devicehdl_DT_N_S_soc_S_peripheral_50000000_S_clock_5000
 .__device_handles_pass1
                0x0000000000006cde       0x1a zephyr/drivers/gpio/libdrivers__gpio.a(gpio_nrfx.c.obj)
                0x0000000000006cde                __devicehdl_DT_N_S_soc_S_peripheral_50000000_S_gpio_842500
 .__device_handles_pass1
                0x0000000000006cf8        0xa zephyr/drivers/flash/libdrivers__flash.a(soc_flash_nrf.c.obj)
                0x0000000000006cf8                __devicehdl_DT_N_S_soc_S_peripheral_50000000_S_flash_controller_39000
 .__device_handles_pass1
                0x0000000000006d02       0x1c zephyr/drivers/serial/libdrivers__serial.a(uart_nrfx_uarte.c.obj)
                0x0000000000006d02                __devicehdl_DT_N_S_soc_S_peripheral_50000000_S_uart_9000
                0x0000000000006d10                __devicehdl_DT_N_S_soc_S_peripheral_50000000_S_uart_8000
                0x0000000000006d1e                __device_handles_end = .

rodata          0x0000000000006d20     0x1004
 *(SORT_BY_ALIGNMENT(.rodata))
 .rodata        0x0000000000006d20       0x10 C:/ncs/v2.0.0/nrfxlib/crypto/nrf_cc310_bl/lib/cortex-m33/hard-float/no-interrupts/libnrf_cc310_bl_0.9.12.a(nrf_cc310_bl_hash_sha256.c.obj)
 *(SORT_BY_ALIGNMENT(.rodata.*))
 .rodata.delay_machine_code.0
                0x0000000000006d30        0x6 zephyr/libzephyr.a(soc.c.obj)
 *fill*         0x0000000000006d36        0x2 
 .rodata.bootutil_key_cnt
                0x0000000000006d38        0x4 app/libapp.a(keys.c.obj)
                0x0000000000006d38                bootutil_key_cnt
 .rodata.bootutil_keys
                0x0000000000006d3c        0x8 app/libapp.a(keys.c.obj)
                0x0000000000006d3c                bootutil_keys
 .rodata.ecdsa_pub_key_len
                0x0000000000006d44        0x4 app/libapp.a(autogen-pubkey.c.obj)
                0x0000000000006d44                ecdsa_pub_key_len
 .rodata.default_flash_map
                0x0000000000006d48       0xf0 zephyr/libzephyr.a(flash_map_partition_manager.c.obj)
                0x0000000000006d48                default_flash_map
 .rodata.flash_map_entries
                0x0000000000006e38        0x4 zephyr/libzephyr.a(flash_map_partition_manager.c.obj)
                0x0000000000006e38                flash_map_entries
 .rodata.apis   0x0000000000006e3c        0x8 zephyr/libzephyr.a(nrf_cc3xx_platform_abort_zephyr.c.obj)
 .rodata.clock_control_api
                0x0000000000006e44       0x18 zephyr/drivers/clock_control/libdrivers__clock_control.a(clock_control_nrf.c.obj)
 .rodata.config
                0x0000000000006e5c       0x18 zephyr/drivers/clock_control/libdrivers__clock_control.a(clock_control_nrf.c.obj)
 .rodata.transitions.0
                0x0000000000006e74        0xc zephyr/drivers/clock_control/libdrivers__clock_control.a(clock_control_nrf.c.obj)
 .rodata.gpio_nrfx_drv_api_funcs
                0x0000000000006e80       0x24 zephyr/drivers/gpio/libdrivers__gpio.a(gpio_nrfx.c.obj)
 .rodata.gpio_nrfx_p0_cfg
                0x0000000000006ea4       0x10 zephyr/drivers/gpio/libdrivers__gpio.a(gpio_nrfx.c.obj)
 .rodata.flash_nrf_api
                0x0000000000006eb4       0x14 zephyr/drivers/flash/libdrivers__flash.a(soc_flash_nrf.c.obj)
 .rodata.flash_nrf_parameters
                0x0000000000006ec8        0x8 zephyr/drivers/flash/libdrivers__flash.a(soc_flash_nrf.c.obj)
 .rodata.__pinctrl_dev_config__device_dts_ord_100
                0x0000000000006ed0        0xc zephyr/drivers/serial/libdrivers__serial.a(uart_nrfx_uarte.c.obj)
 .rodata.__pinctrl_dev_config__device_dts_ord_99
                0x0000000000006edc        0xc zephyr/drivers/serial/libdrivers__serial.a(uart_nrfx_uarte.c.obj)
 .rodata.__pinctrl_state_pins_0__device_dts_ord_100
                0x0000000000006ee8       0x10 zephyr/drivers/serial/libdrivers__serial.a(uart_nrfx_uarte.c.obj)
 .rodata.__pinctrl_state_pins_0__device_dts_ord_99
                0x0000000000006ef8       0x10 zephyr/drivers/serial/libdrivers__serial.a(uart_nrfx_uarte.c.obj)
 .rodata.__pinctrl_states__device_dts_ord_100
                0x0000000000006f08        0x8 zephyr/drivers/serial/libdrivers__serial.a(uart_nrfx_uarte.c.obj)
 .rodata.__pinctrl_states__device_dts_ord_99
                0x0000000000006f10        0x8 zephyr/drivers/serial/libdrivers__serial.a(uart_nrfx_uarte.c.obj)
 .rodata.uart_nrfx_uarte_driver_api
                0x0000000000006f18       0x14 zephyr/drivers/serial/libdrivers__serial.a(uart_nrfx_uarte.c.obj)
 .rodata.uarte_0z_config
                0x0000000000006f2c       0x10 zephyr/drivers/serial/libdrivers__serial.a(uart_nrfx_uarte.c.obj)
 .rodata.uarte_1z_config
                0x0000000000006f3c       0x10 zephyr/drivers/serial/libdrivers__serial.a(uart_nrfx_uarte.c.obj)
 .rodata.levels.0
                0x0000000000006f4c       0x14 zephyr/kernel/libkernel.a(device.c.obj)
 .rodata.CSWTCH.443
                0x0000000000006f60       0x14 zephyr/kernel/libkernel.a(fatal.c.obj)
 .rodata.CSWTCH.12
                0x0000000000006f74       0x1c C:/ncs/v2.0.0/nrfxlib/crypto/nrf_cc310_platform/lib/cortex-m33/hard-float/no-interrupts/libnrf_cc310_platform_0.9.14.a(nrf_cc3xx_platform.c.obj)
 .rodata.CC_PalPowerSaveModeInit.str1.4
                0x0000000000006f90       0x20 C:/ncs/v2.0.0/nrfxlib/crypto/nrf_cc310_platform/lib/cortex-m33/hard-float/no-interrupts/libnrf_cc310_platform_0.9.14.a(cc_pal_pm.c.obj)
 .rodata.mutex_free.str1.4
                0x0000000000006fb0       0x26 C:/ncs/v2.0.0/nrfxlib/crypto/nrf_cc310_platform/lib/cortex-m33/hard-float/no-interrupts/libnrf_cc310_platform_0.9.14.a(nrf_cc3xx_platform_mutex.c.obj)
 *fill*         0x0000000000006fd6        0x2 
 .rodata.mutex_init.str1.4
                0x0000000000006fd8       0x23 C:/ncs/v2.0.0/nrfxlib/crypto/nrf_cc310_platform/lib/cortex-m33/hard-float/no-interrupts/libnrf_cc310_platform_0.9.14.a(nrf_cc3xx_platform_mutex.c.obj)
 *fill*         0x0000000000006ffb        0x1 
 .rodata.domain_secp256r1
                0x0000000000006ffc       0xcc C:/ncs/v2.0.0/nrfxlib/crypto/nrf_cc310_bl/lib/cortex-m33/hard-float/no-interrupts/libnrf_cc310_bl_0.9.12.a(nrf_cc310_bl_ecdsa_verify_secp256r1.c.obj)
                0x0000000000006ffc                domain_secp256r1
 .rodata.NRF_CC310_BL_HASH_LARVAL_SHA256
                0x00000000000070c8       0x20 C:/ncs/v2.0.0/nrfxlib/crypto/nrf_cc310_bl/lib/cortex-m33/hard-float/no-interrupts/libnrf_cc310_bl_0.9.12.a(nrf_cc310_bl_hash_sha256.c.obj)
                0x00000000000070c8                NRF_CC310_BL_HASH_LARVAL_SHA256
 .rodata.boot_img_magic
                0x00000000000070e8       0x10 modules/mcuboot/boot/bootutil/zephyr/libmcuboot_util.a(bootutil_public.c.obj)
                0x00000000000070e8                boot_img_magic
 .rodata.main.str1.1
                0x00000000000070f8      0x110 app/libapp.a(main.c.obj)
 .rodata.str1.1
                0x0000000000007208        0x8 app/libapp.a(main.c.obj)
 .rodata.flash_device_base.str1.1
                0x0000000000007210       0x26 app/libapp.a(flash_map_extended.c.obj)
 .rodata.ec_pubkey_oid
                0x0000000000007236        0x8 app/libapp.a(image_ec256.c.obj)
 .rodata.ec_secp256r1_oid
                0x000000000000723e        0x9 app/libapp.a(image_ec256.c.obj)
 .rodata.boot_validate_slot.isra.0.str1.1
                0x0000000000007247       0x3a app/libapp.a(loader.c.obj)
 .rodata.boot_swap_image.str1.1
                0x0000000000007281       0x2f app/libapp.a(loader.c.obj)
 .rodata.context_boot_go.str1.1
                0x00000000000072b0       0xa4 app/libapp.a(loader.c.obj)
 .rodata.swap_read_status_bytes.str1.1
                0x0000000000007354       0x23 app/libapp.a(swap_move.c.obj)
 .rodata.boot_slots_compatible.str1.1
                0x0000000000007377       0x93 app/libapp.a(swap_move.c.obj)
 .rodata.swap_status_source.str1.1
                0x000000000000740a       0xa4 app/libapp.a(swap_move.c.obj)
 .rodata.swap_run.str1.1
                0x00000000000074ae       0x89 app/libapp.a(swap_move.c.obj)
 .rodata.ecdsa_pub_key
                0x0000000000007537       0x5b app/libapp.a(autogen-pubkey.c.obj)
                0x0000000000007537                ecdsa_pub_key
 .rodata.cbvprintf.str1.1
                0x0000000000007592       0x10 zephyr/libzephyr.a(cbprintf_nano.c.obj)
                                         0x13 (size before relaxing)
 .rodata.sys_reboot.str1.1
                0x00000000000075a2       0x29 zephyr/libzephyr.a(reboot.c.obj)
 .rodata.str1.1
                0x00000000000075cb        0x4 zephyr/libzephyr.a(soc.c.obj)
 .rodata.str1.1
                0x00000000000075cf       0x13 zephyr/libzephyr.a(flash_map_partition_manager.c.obj)
 .rodata.z_arm_fatal_error.str1.1
                0x00000000000075cf       0xaf zephyr/arch/arch/arm/core/aarch32/libarch__arm__core__aarch32.a(fatal.c.obj)
 .rodata.usage_fault.constprop.0.str1.1
                0x000000000000767e      0x11f zephyr/arch/arch/arm/core/aarch32/cortex_m/libarch__arm__core__aarch32__cortex_m.a(fault.c.obj)
 .rodata.bus_fault.constprop.0.str1.1
                0x000000000000779d       0xf2 zephyr/arch/arch/arm/core/aarch32/cortex_m/libarch__arm__core__aarch32__cortex_m.a(fault.c.obj)
 .rodata.mem_manage_fault.constprop.0.str1.1
                0x000000000000788f       0xaf zephyr/arch/arch/arm/core/aarch32/cortex_m/libarch__arm__core__aarch32__cortex_m.a(fault.c.obj)
 .rodata.z_arm_fault.str1.1
                0x000000000000793e      0x139 zephyr/arch/arch/arm/core/aarch32/cortex_m/libarch__arm__core__aarch32__cortex_m.a(fault.c.obj)
 .rodata.str1.1
                0x0000000000007a77       0x20 zephyr/drivers/clock_control/libdrivers__clock_control.a(clock_control_nrf.c.obj)
 .rodata.str1.1
                0x0000000000007a97        0x7 zephyr/drivers/gpio/libdrivers__gpio.a(gpio_nrfx.c.obj)
 .rodata.flash_nrf_erase.str1.1
                0x0000000000007a9e       0x46 zephyr/drivers/flash/libdrivers__flash.a(soc_flash_nrf.c.obj)
 .rodata.flash_nrf_write.str1.1
                0x0000000000007ae4       0x23 zephyr/drivers/flash/libdrivers__flash.a(soc_flash_nrf.c.obj)
 .rodata.str1.1
                0x0000000000007b07        0xa zephyr/drivers/flash/libdrivers__flash.a(soc_flash_nrf.c.obj)
                                         0x1d (size before relaxing)
 .rodata.uarte_instance_init.constprop.0.str1.1
                0x0000000000007b11       0x24 zephyr/drivers/serial/libdrivers__serial.a(uart_nrfx_uarte.c.obj)
 .rodata.str1.1
                0x0000000000007b35       0x1e zephyr/drivers/serial/libdrivers__serial.a(uart_nrfx_uarte.c.obj)
 .rodata.k_sys_fatal_error_handler.str1.1
                0x0000000000007b53       0x16 modules/nrf/lib/fatal_error/lib..__nrf__lib__fatal_error.a(fatal_error.c.obj)
 .rodata.str1.1
                0x0000000000007b69        0xc modules/nrf/lib/fatal_error/lib..__nrf__lib__fatal_error.a(fatal_error.c.obj)
 .rodata.boot_swap_type_multi.str1.1
                0x0000000000007b75       0x96 modules/mcuboot/boot/bootutil/zephyr/libmcuboot_util.a(bootutil_public.c.obj)
 .rodata.boot_swap_tables
                0x0000000000007c0b       0x12 modules/mcuboot/boot/bootutil/zephyr/libmcuboot_util.a(bootutil_public.c.obj)
 .rodata.z_fatal_error.str1.1
                0x0000000000007c1d       0x86 zephyr/kernel/libkernel.a(fatal.c.obj)
 .rodata.str1.1
                0x0000000000007ca3       0x4a zephyr/kernel/libkernel.a(fatal.c.obj)
 .rodata.str1.1
                0x0000000000007ced        0x3 zephyr/kernel/libkernel.a(init.c.obj)
 .rodata.boot_banner.str1.1
                0x0000000000007cf0       0x34 zephyr/kernel/libkernel.a(banner.c.obj)
                                         0x35 (size before relaxing)
 *(SORT_BY_ALIGNMENT(.gnu.linkonce.r.*))
                0x0000000000007d24                . = ALIGN (0x4)
                0x0000000000007d24                __rodata_region_end = .
                0x0000000000007d24                . = ALIGN (_region_min_align)
                0x0000000000007d24                __rom_region_end = .
                0x00000000200144e8                . = 0x200144e8
                0x00000000200144e8                . = ALIGN (_region_min_align)
                0x00000000200144e8                _image_ram_start = .

.ramfunc        0x00000000200144e8        0x0 load address 0x0000000000007d24
                0x00000000200144e8                . = ALIGN (_region_min_align)
                0x00000000200144e8                __ramfunc_start = .
 *(SORT_BY_ALIGNMENT(.ramfunc))
 *(SORT_BY_ALIGNMENT(.ramfunc.*))
                0x00000000200144e8                . = ALIGN (_region_min_align)
                0x00000000200144e8                __ramfunc_end = .
                0x0000000000000000                __ramfunc_size = (__ramfunc_end - __ramfunc_start)
                0x0000000000007d24                __ramfunc_load_start = LOADADDR (.ramfunc)

datas           0x00000000200144e8      0x108 load address 0x0000000000007d24
                0x00000000200144e8                __data_region_start = .
                0x00000000200144e8                __data_start = .
 *(SORT_BY_ALIGNMENT(.data))
 *(SORT_BY_ALIGNMENT(.data.*))
 .data.FIH_FAILURE
                0x00000000200144e8        0x4 app/libapp.a(fault_injection_hardening.c.obj)
                0x00000000200144e8                FIH_FAILURE
 .data.g_last_idx
                0x00000000200144ec        0x4 app/libapp.a(swap_move.c.obj)
 .data._char_out
                0x00000000200144f0        0x4 zephyr/libzephyr.a(printk.c.obj)
                0x00000000200144f0                _char_out
 .data.flash_map
                0x00000000200144f4        0x4 zephyr/libzephyr.a(flash_map_partition_manager.c.obj)
                0x00000000200144f4                flash_map
 .data._stdout_hook
                0x00000000200144f8        0x4 zephyr/lib/libc/minimal/liblib__libc__minimal.a(stdout_console.c.obj)
 .data.uarte_0_data
                0x00000000200144fc       0x14 zephyr/drivers/serial/libdrivers__serial.a(uart_nrfx_uarte.c.obj)
 .data.uarte_1_data
                0x0000000020014510       0x14 zephyr/drivers/serial/libdrivers__serial.a(uart_nrfx_uarte.c.obj)
 .data.SystemCoreClock
                0x0000000020014524        0x4 modules/hal_nordic/nrfx/libmodules__hal_nordic__nrfx.a(system_nrf9160.c.obj)
                0x0000000020014524                SystemCoreClock
 .data.m_allocated_channels
                0x0000000020014528        0x4 modules/hal_nordic/nrfx/libmodules__hal_nordic__nrfx.a(nrfx_dppi.c.obj)
 .data.m_cb     0x000000002001452c       0x5c modules/hal_nordic/nrfx/libmodules__hal_nordic__nrfx.a(nrfx_gpiote.c.obj)
 .data.timeout_list
                0x0000000020014588        0x8 zephyr/kernel/libkernel.a(timeout.c.obj)
 .data.platform_abort_apis
                0x0000000020014590        0x8 C:/ncs/v2.0.0/nrfxlib/crypto/nrf_cc310_platform/lib/cortex-m33/hard-float/no-interrupts/libnrf_cc310_platform_0.9.14.a(nrf_cc3xx_platform_abort.c.obj)
                0x0000000020014590                platform_abort_apis
 .data.CCAsymCryptoMutex
                0x0000000020014598        0x4 C:/ncs/v2.0.0/nrfxlib/crypto/nrf_cc310_platform/lib/cortex-m33/hard-float/no-interrupts/libnrf_cc310_platform_0.9.14.a(cc_pal.c.obj)
                0x0000000020014598                CCAsymCryptoMutex
 .data.CCPowerMutex
                0x000000002001459c        0x4 C:/ncs/v2.0.0/nrfxlib/crypto/nrf_cc310_platform/lib/cortex-m33/hard-float/no-interrupts/libnrf_cc310_platform_0.9.14.a(cc_pal.c.obj)
                0x000000002001459c                CCPowerMutex
 .data.CCRndCryptoMutex
                0x00000000200145a0        0x4 C:/ncs/v2.0.0/nrfxlib/crypto/nrf_cc310_platform/lib/cortex-m33/hard-float/no-interrupts/libnrf_cc310_platform_0.9.14.a(cc_pal.c.obj)
                0x00000000200145a0                CCRndCryptoMutex
 .data.CCSymCryptoMutex
                0x00000000200145a4        0x4 C:/ncs/v2.0.0/nrfxlib/crypto/nrf_cc310_platform/lib/cortex-m33/hard-float/no-interrupts/libnrf_cc310_platform_0.9.14.a(cc_pal.c.obj)
                0x00000000200145a4                CCSymCryptoMutex
 .data.pCCRndCryptoMutex
                0x00000000200145a8        0x4 C:/ncs/v2.0.0/nrfxlib/crypto/nrf_cc310_platform/lib/cortex-m33/hard-float/no-interrupts/libnrf_cc310_platform_0.9.14.a(cc_pal.c.obj)
                0x00000000200145a8                pCCRndCryptoMutex
 .data.asym_mutex
                0x00000000200145ac        0x8 C:/ncs/v2.0.0/nrfxlib/crypto/nrf_cc310_platform/lib/cortex-m33/hard-float/no-interrupts/libnrf_cc310_platform_0.9.14.a(nrf_cc3xx_platform_mutex.c.obj)
 .data.platform_mutex_apis
                0x00000000200145b4       0x10 C:/ncs/v2.0.0/nrfxlib/crypto/nrf_cc310_platform/lib/cortex-m33/hard-float/no-interrupts/libnrf_cc310_platform_0.9.14.a(nrf_cc3xx_platform_mutex.c.obj)
                0x00000000200145b4                platform_mutex_apis
 .data.platform_mutexes
                0x00000000200145c4       0x14 C:/ncs/v2.0.0/nrfxlib/crypto/nrf_cc310_platform/lib/cortex-m33/hard-float/no-interrupts/libnrf_cc310_platform_0.9.14.a(nrf_cc3xx_platform_mutex.c.obj)
                0x00000000200145c4                platform_mutexes
 .data.power_mutex
                0x00000000200145d8        0x8 C:/ncs/v2.0.0/nrfxlib/crypto/nrf_cc310_platform/lib/cortex-m33/hard-float/no-interrupts/libnrf_cc310_platform_0.9.14.a(nrf_cc3xx_platform_mutex.c.obj)
 .data.rng_mutex
                0x00000000200145e0        0x8 C:/ncs/v2.0.0/nrfxlib/crypto/nrf_cc310_platform/lib/cortex-m33/hard-float/no-interrupts/libnrf_cc310_platform_0.9.14.a(nrf_cc3xx_platform_mutex.c.obj)
 .data.sym_mutex
                0x00000000200145e8        0x8 C:/ncs/v2.0.0/nrfxlib/crypto/nrf_cc310_platform/lib/cortex-m33/hard-float/no-interrupts/libnrf_cc310_platform_0.9.14.a(nrf_cc3xx_platform_mutex.c.obj)
 *(SORT_BY_ALIGNMENT(.kernel.*))
                0x00000000200145f0                __data_end = .
                0x0000000000000108                __data_size = (__data_end - __data_start)
                0x0000000000007d24                __data_load_start = LOADADDR (datas)
                0x0000000000007d24                __data_region_load_start = LOADADDR (datas)

device_states   0x00000000200145f0       0x14 load address 0x0000000000007e2c
                0x00000000200145f0                __device_states_start = .
 *(SORT_BY_ALIGNMENT(.z_devstate))
 .z_devstate    0x00000000200145f0        0x4 zephyr/drivers/clock_control/libdrivers__clock_control.a(clock_control_nrf.c.obj)
 .z_devstate    0x00000000200145f4        0x4 zephyr/drivers/gpio/libdrivers__gpio.a(gpio_nrfx.c.obj)
 .z_devstate    0x00000000200145f8        0x4 zephyr/drivers/flash/libdrivers__flash.a(soc_flash_nrf.c.obj)
 .z_devstate    0x00000000200145fc        0x8 zephyr/drivers/serial/libdrivers__serial.a(uart_nrfx_uarte.c.obj)
 *(SORT_BY_ALIGNMENT(.z_devstate.*))
                0x0000000020014604                __device_states_end = .

initshell       0x0000000020014604        0x0 load address 0x0000000000007e40
                0x0000000020014604                __shell_module_start = .
 *(SORT_BY_ALIGNMENT(.shell_module_*))
                0x0000000020014604                __shell_module_end = .
                0x0000000020014604                __shell_cmd_start = .
 *(SORT_BY_ALIGNMENT(.shell_cmd_*))
                0x0000000020014604                __shell_cmd_end = .

log_dynamic_sections
                0x0000000020014604        0x0 load address 0x0000000000007e40